******************************************************************************
                  TI ARM Linker PC v20.2.7                     
******************************************************************************
>> Linked Mon Feb  3 13:51:25 2025

OUTPUT FILE NAME:   <space_invader_final.out>
ENTRY POINT SYMBOL: "_c_int00_noargs"  address: 00005129


MEMORY CONFIGURATION

         name            origin    length      used     unused   attr    fill
----------------------  --------  ---------  --------  --------  ----  --------
  MAIN                  00000000   00040000  00005b4c  0003a4b4  R  X
  INFO                  00200000   00004000  00000000  00004000  R  X
  SRAM_CODE             01000000   00010000  000008de  0000f722  RW X
  SRAM_DATA             20000000   00010000  000008de  0000f722  RW  


SEGMENT ALLOCATION MAP

run origin  load origin   length   init length attrs members
----------  ----------- ---------- ----------- ----- -------
00000000    00000000    00005b50   00005b50    r-x
  00000000    00000000    000000e4   000000e4    r-- .intvecs
  000000e4    000000e4    000053a8   000053a8    r-x .text
  0000548c    0000548c    00000678   00000678    r-- .const
  00005b08    00005b08    00000048   00000048    r-- .cinit
20000000    20000000    000006de   00000000    rw-
  20000000    20000000    000006b0   00000000    rw- .bss
  200006b0    200006b0    0000002e   00000000    rw- .data
2000fe00    2000fe00    00000200   00000000    rw-
  2000fe00    2000fe00    00000200   00000000    rw- .stack


SECTION ALLOCATION MAP

 output                                  attributes/
section   page    origin      length       input sections
--------  ----  ----------  ----------   ----------------
.intvecs   0    00000000    000000e4     
                  00000000    000000e4     startup_msp432p401r_ccs.obj (.intvecs:retain)

.text      0    000000e4    000053a8     
                  000000e4    00000a4e     rtsv7M4_T_le_v4SPD16_eabi.lib : _printfi.c.obj (.text:__TI_printfi)
                  00000b32    00000002                                   : _lock.c.obj (.text:_nop)
                  00000b34    000008d8     projectile.obj (.text)
                  0000140c    00000680     Crystalfontz128x128_ST7735.obj (.text)
                  00001a8c    00000674     graphics.obj (.text)
                  00002100    00000614     enemy.obj (.text)
                  00002714    00000560     main.obj (.text)
                  00002c74    0000047e     grlib.a : string.obj (.text:Graphics_drawString)
                  000030f2    00000002     rtsv7M4_T_le_v4SPD16_eabi.lib : div0.asm.obj (.text)
                  000030f4    00000334     system_msp432p401r.obj (.text)
                  00003428    00000270     rtsv7M4_T_le_v4SPD16_eabi.lib : _printfi.c.obj (.text:_pconv_a)
                  00003698    000001d0                                   : _printfi.c.obj (.text:_pconv_g)
                  00003868    000001b6                                   : fd_add_t2.asm.obj (.text)
                  00003a1e    00000002     --HOLE-- [fill = 0]
                  00003a20    00000160     msp432p4xx_driverlib.lib : adc14.o (.text:_getIndexForMemRegister)
                  00003b80    0000013c     rtsv7M4_T_le_v4SPD16_eabi.lib : _printfi.c.obj (.text:_pconv_e)
                  00003cbc    00000136                                   : fd_div_t2.asm.obj (.text)
                  00003df2    00000002     --HOLE-- [fill = 0]
                  00003df4    00000124                                   : _printfi.c.obj (.text:fcvt)
                  00003f18    00000112     grlib.a : rectangle.obj (.text:Graphics_fillRectangle)
                  0000402a    00000002     --HOLE-- [fill = 0]
                  0000402c    00000110     rtsv7M4_T_le_v4SPD16_eabi.lib : s_scalbn.c.obj (.text:scalbn)
                  0000413c    000000fc                                   : fd_mul_t2.asm.obj (.text)
                  00004238    000000fa     grlib.a : string.obj (.text:Graphics_getStringWidth)
                  00004332    00000002     --HOLE-- [fill = 0]
                  00004334    000000cc     HAL_MSP_EXP432P401R_Crystalfontz128x128_ST7735.obj (.text)
                  00004400    000000b4     msp432p4xx_driverlib.lib : adc14.o (.text:ADC14_configureConversionMemory)
                  000044b4    000000b4                              : adc14.o (.text:ADC14_configureMultiSequenceMode)
                  00004568    000000b1     rtsv7M4_T_le_v4SPD16_eabi.lib : _printfi.c.obj (.text:_ltostr)
                  00004619    00000001     --HOLE-- [fill = 0]
                  0000461a    000000b0     msp432p4xx_driverlib.lib : spi.o (.text:SPI_initMaster)
                  000046ca    0000009c     grlib.a : line.obj (.text:Graphics_drawLineH)
                  00004766    0000009c     rtsv7M4_T_le_v4SPD16_eabi.lib : memcpy_t2.asm.obj (.text)
                  00004802    00000096                                   : ull_div_t2.asm.obj (.text)
                  00004898    00000088     msp432p4xx_driverlib.lib : gpio.o (.text:GPIO_setAsPeripheralModuleFunctionOutputPin)
                  00004920    00000086     rtsv7M4_T_le_v4SPD16_eabi.lib : fd_cmp_t2.asm.obj (.text:__aeabi_cdcmple)
                  000049a6    00000086                                   : fd_cmp_t2.asm.obj (.text:__aeabi_cdrcmple)
                  00004a2c    0000007a                                   : memset_t2.asm.obj (.text)
                  00004aa6    0000006e                                   : _printfi.c.obj (.text:_mcpy)
                  00004b14    00000068                                   : copy_decompress_lzss.c.obj (.text:decompress:lzss:__TI_decompress_lzss)
                  00004b7c    00000064                                   : s_frexp.c.obj (.text:frexp)
                  00004be0    0000005a     grlib.a : context.obj (.text:Graphics_drawPixel)
                  00004c3a    00000056     rtsv7M4_T_le_v4SPD16_eabi.lib : _printfi.c.obj (.text:_pconv_f)
                  00004c90    00000054                                   : _ltoa.c.obj (.text:__TI_ltoa)
                  00004ce4    00000054     player.obj (.text)
                  00004d38    00000052     grlib.a : context.obj (.text:Graphics_initContext)
                  00004d8a    00000052     rtsv7M4_T_le_v4SPD16_eabi.lib : _printfi.c.obj (.text:_ecpy)
                  00004ddc    0000004c                                   : atoi.c.obj (.text:atoi)
                  00004e28    00000048     grlib.a : string.obj (.text:Graphics_drawStringCentered)
                  00004e70    00000048     rtsv7M4_T_le_v4SPD16_eabi.lib : hosttime.c.obj (.text:HOSTtime)
                  00004eb8    00000048                                   : fd_toi_t2.asm.obj (.text)
                  00004f00    00000044                                   : autoinit.c.obj (.text:__TI_auto_init_nobinit_nopinit:__TI_auto_init_nobinit_nopinit)
                  00004f44    00000040     msp432p4xx_driverlib.lib : gpio.o (.text:GPIO_setAsOutputPin)
                  00004f84    00000040     grlib.a : string.obj (.text:Graphics_getNumberOfLeadingZeros)
                  00004fc4    00000040     msp432p4xx_driverlib.lib : spi.o (.text:is_A_Module)
                  00005004    00000040     rtsv7M4_T_le_v4SPD16_eabi.lib : sprintf.c.obj (.text:sprintf)
                  00005044    0000003e                                   : _printfi.c.obj (.text:_fcpy)
                  00005082    00000002     --HOLE-- [fill = 0]
                  00005084    00000038                                   : trgmsg.c.obj (.text:__TI_writemsg)
                  000050bc    00000036     grlib.a : display.obj (.text:Graphics_drawHorizontalLineOnDisplay)
                  000050f2    00000002     --HOLE-- [fill = 0]
                  000050f4    00000034     rtsv7M4_T_le_v4SPD16_eabi.lib : trgmsg.c.obj (.text:__TI_readmsg)
                  00005128    00000034                                   : boot_cortex_m.c.obj (.text:_c_int00_noargs:_c_int00_noargs)
                  0000515c    00000034                                   : rand.c.obj (.text:rand)
                  00005190    0000002e                                   : i_tofd_t2.asm.obj (.text)
                  000051be    0000002c     grlib.a : display.obj (.text:Graphics_drawPixelOnDisplay)
                  000051ea    00000002     --HOLE-- [fill = 0]
                  000051ec    00000028     msp432p4xx_driverlib.lib : adc14.o (.text:ADC14_getResult)
                  00005214    00000028                              : gpio.o (.text:GPIO_clearInterruptFlag)
                  0000523c    00000028                              : gpio.o (.text:GPIO_setOutputHighOnPin)
                  00005264    00000028                              : gpio.o (.text:GPIO_setOutputLowOnPin)
                  0000528c    00000024     rtsv7M4_T_le_v4SPD16_eabi.lib : rand.c.obj (.text:srand)
                  000052b0    0000001e     grlib.a : display.obj (.text:Graphics_fillRectangleOnDisplay)
                  000052ce    0000001c     msp432p4xx_driverlib.lib : spi.o (.text:SPI_enableModule)
                  000052ea    0000001c     rtsv7M4_T_le_v4SPD16_eabi.lib : memccpy.c.obj (.text:memccpy)
                  00005306    0000001a     grlib.a : display.obj (.text:Graphics_clearDisplayOnDisplay)
                  00005320    0000001a             : context.obj (.text:Graphics_setBackgroundColor)
                  0000533a    0000001a             : context.obj (.text:Graphics_setFont)
                  00005354    0000001a     rtsv7M4_T_le_v4SPD16_eabi.lib : s_copysign.c.obj (.text:copysign)
                  0000536e    00000018                                   : sprintf.c.obj (.text:_outs)
                  00005386    00000016     msp432p4xx_driverlib.lib : spi.o (.text:EUSCI_A_SPI_enable)
                  0000539c    00000016                              : spi.o (.text:EUSCI_B_SPI_enable)
                  000053b2    00000016     grlib.a : context.obj (.text:Graphics_setForegroundColor)
                  000053c8    00000016             : display.obj (.text:Graphics_translateColorOnDisplay)
                  000053de    00000016     rtsv7M4_T_le_v4SPD16_eabi.lib : strchr.c.obj (.text:strchr)
                  000053f4    00000014                                   : strlen.c.obj (.text:strlen)
                  00005408    00000012     grlib.a : context.obj (.text:Graphics_clearDisplay)
                  0000541a    00000012     rtsv7M4_T_le_v4SPD16_eabi.lib : wcslen.c.obj (.text:wcslen)
                  0000542c    00000010     msp432p4xx_driverlib.lib : adc14.o (.text:ADCIsConversionRunning)
                  0000543c    0000000e     rtsv7M4_T_le_v4SPD16_eabi.lib : time.c.obj (.text:__time32)
                  0000544a    0000000e                                   : copy_decompress_none.c.obj (.text:decompress:none:__TI_decompress_none)
                  00005458    0000000e     startup_msp432p401r_ccs.obj (.text)
                  00005466    0000000c     rtsv7M4_T_le_v4SPD16_eabi.lib : copy_zero_init.c.obj (.text:decompress:ZI:__TI_zero_init)
                  00005472    0000000a                                   : sprintf.c.obj (.text:_outc)
                  0000547c    00000008                                   : errno.c.obj (.text:__aeabi_errno_addr)
                  00005484    00000004                                   : pre_init.c.obj (.text:_system_pre_init)
                  00005488    00000004                                   : exit.c.obj (.text:abort:abort)

.const     0    0000548c    00000678     
                  0000548c    000002f8     grlib.a : fontfixed6x8.obj (.const:.string:g_pucFontFixed6x8Data)
                  00005784    00000101     rtsv7M4_T_le_v4SPD16_eabi.lib : ctype.c.obj (.const:.string:_ctypes_)
                  00005885    00000003     --HOLE-- [fill = 0]
                  00005888    000000c8     grlib.a : fontfixed6x8.obj (.const:g_sFontFixed6x8)
                  00005950    00000080     msp432p4xx_driverlib.lib : adc14.o (.const:_ctlRegs)
                  000059d0    00000030     graphics.obj (.const:.string:PLAYER_SPRITE)
                  00005a00    00000030     msp432p4xx_driverlib.lib : gpio.o (.const:GPIO_PORT_TO_BASE)
                  00005a30    00000028     graphics.obj (.const:.string:INVADER_SPRITE_TYPE0)
                  00005a58    00000028     graphics.obj (.const:.string:INVADER_SPRITE_TYPE1)
                  00005a80    00000028     graphics.obj (.const:.string:INVADER_SPRITE_TYPE2)
                  00005aa8    00000020     Crystalfontz128x128_ST7735.obj (.const:g_sCrystalfontz128x128_funcs)
                  00005ac8    0000001c     HAL_MSP_EXP432P401R_Crystalfontz128x128_ST7735.obj (.const:$P$T0$1)
                  00005ae4    00000018     main.obj (.const:upConfig)
                  00005afc    00000008     Crystalfontz128x128_ST7735.obj (.const:$P$T0$1)

.cinit     0    00005b08    00000048     
                  00005b08    00000022     (.cinit..data.load) [load image, compression = lzss]
                  00005b2a    00000002     --HOLE-- [fill = 0]
                  00005b2c    0000000c     (__TI_handler_table)
                  00005b38    00000008     (.cinit..bss.load) [load image, compression = zero_init]
                  00005b40    00000010     (__TI_cinit_table)

.init_array 
*          0    00000000    00000000     UNINITIALIZED

.binit     0    00000000    00000000     

.bss       0    20000000    000006b0     UNINITIALIZED
                  20000000    00000300     projectile.obj (.bss:projectiles)
                  20000300    00000258     (.common:enemies)
                  20000558    00000120     rtsv7M4_T_le_v4SPD16_eabi.lib : trgmsg.c.obj (.bss:_CIOBUF_)
                  20000678    0000001c     (.common:g_sContext)
                  20000694    00000008     (.common:parmbuf)
                  2000069c    00000002     main.obj (.bss)
                  2000069e    00000002     (.common:Lcd_ScreenHeigth)
                  200006a0    00000002     (.common:Lcd_ScreenWidth)
                  200006a2    00000002     (.common:Lcd_TouchTrim)
                  200006a4    00000002     (.common:player)
                  200006a6    00000001     (.common:Lcd_FlagRead)
                  200006a7    00000001     (.common:Lcd_FontSolid)
                  200006a8    00000001     (.common:Lcd_Orientation)
                  200006a9    00000001     (.common:Lcd_PenSolid)
                  200006aa    00000001     (.common:count)
                  200006ab    00000001     (.common:game)
                  200006ac    00000001     (.common:invaders_per_row)
                  200006ad    00000001     (.common:lives)
                  200006ae    00000001     (.common:menu)
                  200006af    00000001     (.common:num_rows)

.data      0    200006b0    0000002e     UNINITIALIZED
                  200006b0    00000010     Crystalfontz128x128_ST7735.obj (.data:g_sCrystalfontz128x128)
                  200006c0    00000008     rtsv7M4_T_le_v4SPD16_eabi.lib : _lock.c.obj (.data:$O1$$)
                  200006c8    00000008     main.obj (.data)
                  200006d0    00000004     rtsv7M4_T_le_v4SPD16_eabi.lib : errno.c.obj (.data)
                  200006d4    00000004                                   : rand.c.obj (.data)
                  200006d8    00000004     system_msp432p401r.obj (.data)
                  200006dc    00000002     enemy.obj (.data)

.stack     0    2000fe00    00000200     UNINITIALIZED
                  2000fe00    00000004     rtsv7M4_T_le_v4SPD16_eabi.lib : boot_cortex_m.c.obj (.stack)
                  2000fe04    000001fc     --HOLE--

__llvm_prf_cnts 
*          0    20000000    00000000     UNINITIALIZED

MODULE SUMMARY

       Module                                               code    ro data   rw data
       ------                                               ----    -------   -------
    .\
       projectile.obj                                       2264    0         1536   
       enemy.obj                                            1556    0         1208   
       graphics.obj                                         1652    168       0      
       main.obj                                             1376    24        88     
       system_msp432p401r.obj                               820     0         8      
       startup_msp432p401r_ccs.obj                          14      228       0      
       player.obj                                           84      0         0      
    +--+----------------------------------------------------+-------+---------+---------+
       Total:                                               7766    420       2840   
                                                                                     
    .\LcdDriver\
       Crystalfontz128x128_ST7735.obj                       1664    40        52     
       HAL_MSP_EXP432P401R_Crystalfontz128x128_ST7735.obj   204     28        0      
    +--+----------------------------------------------------+-------+---------+---------+
       Total:                                               1868    68        52     
                                                                                     
    C:/Users/decol/Downloads/simplelink_msp432p4_sdk_3_40_01_02/simplelink_msp432p4_sdk_3_40_01_02/source/ti/devices/msp432p4xx/driverlib/ccs/msp432p4xx_driverlib.lib
       adc14.o                                              768     128       0      
       gpio.o                                               320     48        0      
       spi.o                                                312     0         0      
    +--+----------------------------------------------------+-------+---------+---------+
       Total:                                               1400    176       0      
                                                                                     
    C:/Users/decol/Downloads/simplelink_msp432p4_sdk_3_40_01_02/simplelink_msp432p4_sdk_3_40_01_02/source/ti/grlib/lib/ccs/m4/grlib.a
       string.obj                                           1536    0         0      
       fontfixed6x8.obj                                     0       960       0      
       rectangle.obj                                        274     0         0      
       context.obj                                          264     0         0      
       display.obj                                          176     0         0      
       line.obj                                             156     0         0      
    +--+----------------------------------------------------+-------+---------+---------+
       Total:                                               2406    960       0      
                                                                                     
    C:\ti\ccs1281\ccs\tools\compiler\ti-cgt-arm_20.2.7.LTS\lib\rtsv7M4_T_le_v4SPD16_eabi.lib
       _printfi.c.obj                                       4851    0         0      
       trgmsg.c.obj                                         108     0         576    
       fd_add_t2.asm.obj                                    438     0         0      
       fd_div_t2.asm.obj                                    310     0         0      
       s_scalbn.c.obj                                       272     0         0      
       fd_cmp_t2.asm.obj                                    268     0         0      
       ctype.c.obj                                          0       257       0      
       fd_mul_t2.asm.obj                                    252     0         0      
       memcpy_t2.asm.obj                                    156     0         0      
       ull_div_t2.asm.obj                                   150     0         0      
       memset_t2.asm.obj                                    122     0         0      
       copy_decompress_lzss.c.obj                           104     0         0      
       s_frexp.c.obj                                        100     0         0      
       sprintf.c.obj                                        98      0         0      
       rand.c.obj                                           88      0         8      
       _ltoa.c.obj                                          84      0         0      
       atoi.c.obj                                           76      0         0      
       fd_toi_t2.asm.obj                                    72      0         0      
       hosttime.c.obj                                       72      0         0      
       autoinit.c.obj                                       68      0         0      
       boot_cortex_m.c.obj                                  52      0         0      
       i_tofd_t2.asm.obj                                    46      0         0      
       memccpy.c.obj                                        28      0         0      
       s_copysign.c.obj                                     26      0         0      
       strchr.c.obj                                         22      0         0      
       strlen.c.obj                                         20      0         0      
       _lock.c.obj                                          2       0         16     
       wcslen.c.obj                                         18      0         0      
       errno.c.obj                                          8       0         8      
       hostopen.c.obj                                       0       0         16     
       copy_decompress_none.c.obj                           14      0         0      
       time.c.obj                                           14      0         0      
       copy_zero_init.c.obj                                 12      0         0      
       exit.c.obj                                           4       0         0      
       pre_init.c.obj                                       4       0         0      
       div0.asm.obj                                         2       0         0      
    +--+----------------------------------------------------+-------+---------+---------+
       Total:                                               7961    257       624    
                                                                                     
       Stack:                                               0       0         1024   
       Linker Generated:                                    0       70        0      
    +--+----------------------------------------------------+-------+---------+---------+
       Grand Total:                                         21401   1951      4540   


LINKER GENERATED COPY TABLES

__TI_cinit_table @ 00005b40 records: 2, size/record: 8, table size: 16
	.data: load addr=00005b08, load size=00000022 bytes, run addr=200006b0, run size=0000002e bytes, compression=lzss
	.bss: load addr=00005b38, load size=00000008 bytes, run addr=20000000, run size=000006b0 bytes, compression=zero_init


LINKER GENERATED HANDLER TABLE

__TI_handler_table @ 00005b2c records: 3, size/record: 4, table size: 12
	index: 0, handler: __TI_decompress_lzss
	index: 1, handler: __TI_decompress_none
	index: 2, handler: __TI_zero_init


GLOBAL SYMBOLS: SORTED ALPHABETICALLY BY Name 

address   name                                       
-------   ----                                       
00002b3d  ADC14_IRQHandler                           
00002b3d  ADC14_IRQHandler                           
00004401  ADC14_configureConversionMemory            
000044b5  ADC14_configureMultiSequenceMode           
000051ed  ADC14_getResult                            
00005465  AES256_IRQHandler                          
00005465  BusFault_Handler                           
00005489  C$$EXIT                                    
000050b3  C$$IO$$                                    
00005465  COMP_E0_IRQHandler                         
00005465  COMP_E1_IRQHandler                         
00005465  CS_IRQHandler                              
0000140d  Crystalfontz128x128_Init                   
00001521  Crystalfontz128x128_SetDrawFrame           
0000164f  Crystalfontz128x128_SetOrientation         
00005465  DMA_ERR_IRQHandler                         
00005465  DMA_INT0_IRQHandler                        
00005465  DMA_INT1_IRQHandler                        
00005465  DMA_INT2_IRQHandler                        
00005465  DMA_INT3_IRQHandler                        
00005465  DebugMon_Handler                           
00005465  Default_Handler                            
00005465  EUSCIA0_IRQHandler                         
00005465  EUSCIA1_IRQHandler                         
00005465  EUSCIA2_IRQHandler                         
00005465  EUSCIA3_IRQHandler                         
00005465  EUSCIB0_IRQHandler                         
00005465  EUSCIB1_IRQHandler                         
00005465  EUSCIB2_IRQHandler                         
00005465  EUSCIB3_IRQHandler                         
00005387  EUSCI_A_SPI_enable                         
0000539d  EUSCI_B_SPI_enable                         
00005465  FLCTL_IRQHandler                           
00005465  FPU_IRQHandler                             
00005215  GPIO_clearInterruptFlag                    
00004f45  GPIO_setAsOutputPin                        
00004899  GPIO_setAsPeripheralModuleFunctionOutputPin
0000523d  GPIO_setOutputHighOnPin                    
00005265  GPIO_setOutputLowOnPin                     
00005409  Graphics_clearDisplay                      
00005307  Graphics_clearDisplayOnDisplay             
000050bd  Graphics_drawHorizontalLineOnDisplay       
000046cb  Graphics_drawLineH                         
00004be1  Graphics_drawPixel                         
000051bf  Graphics_drawPixelOnDisplay                
00002c75  Graphics_drawString                        
00004e29  Graphics_drawStringCentered                
00003f19  Graphics_fillRectangle                     
000052b1  Graphics_fillRectangleOnDisplay            
00004239  Graphics_getStringWidth                    
00004d39  Graphics_initContext                       
00005321  Graphics_setBackgroundColor                
0000533b  Graphics_setFont                           
000053b3  Graphics_setForegroundColor                
000053c9  Graphics_translateColorOnDisplay           
00004335  HAL_LCD_PortInit                           
00004365  HAL_LCD_SpiInit                            
0000439b  HAL_LCD_writeCommand                       
000043cb  HAL_LCD_writeData                          
00004e71  HOSTtime                                   
00005465  HardFault_Handler                          
200006a6  Lcd_FlagRead                               
200006a7  Lcd_FontSolid                              
200006a8  Lcd_Orientation                            
200006a9  Lcd_PenSolid                               
2000069e  Lcd_ScreenHeigth                           
200006a0  Lcd_ScreenWidth                            
200006a2  Lcd_TouchTrim                              
00005465  MemManage_Handler                          
00005465  NMI_Handler                                
00005465  PCM_IRQHandler                             
00002a7d  PORT1_IRQHandler                           
00002a7d  PORT1_IRQHandler                           
00005465  PORT2_IRQHandler                           
00005465  PORT3_IRQHandler                           
00005465  PORT4_IRQHandler                           
00005465  PORT5_IRQHandler                           
00005465  PORT6_IRQHandler                           
00005465  PSS_IRQHandler                             
00005465  PendSV_Handler                             
00005465  RTC_C_IRQHandler                           
00005459  Reset_Handler                              
000052cf  SPI_enableModule                           
0000461b  SPI_initMaster                             
00005465  SVC_Handler                                
00005465  SysTick_Handler                            
200006d8  SystemCoreClock                            
000030f5  SystemCoreClockUpdate                      
0000336d  SystemInit                                 
00005465  T32_INT1_IRQHandler                        
00005465  T32_INT2_IRQHandler                        
00005465  T32_INTC_IRQHandler                        
00002b11  TA0_0_IRQHandler                           
00002b11  TA0_0_IRQHandler                           
00005465  TA0_N_IRQHandler                           
00005465  TA1_0_IRQHandler                           
00005465  TA1_N_IRQHandler                           
00005465  TA2_0_IRQHandler                           
00005465  TA2_N_IRQHandler                           
00005465  TA3_0_IRQHandler                           
00005465  TA3_N_IRQHandler                           
00005465  UsageFault_Handler                         
4000480c  WDTCTL_SYM                                 
00005465  WDT_A_IRQHandler                           
20000558  __CIOBUF_                                  
20010000  __STACK_END                                
00000200  __STACK_SIZE                               
00005b40  __TI_CINIT_Base                            
00005b50  __TI_CINIT_Limit                           
00005b2c  __TI_Handler_Table_Base                    
00005b38  __TI_Handler_Table_Limit                   
00004f01  __TI_auto_init_nobinit_nopinit             
00004b15  __TI_decompress_lzss                       
0000544b  __TI_decompress_none                       
00004c91  __TI_ltoa                                  
ffffffff  __TI_pprof_out_hndl                        
000000e5  __TI_printfi                               
ffffffff  __TI_prof_data_size                        
ffffffff  __TI_prof_data_start                       
000050f5  __TI_readmsg                               
00000000  __TI_static_base__                         
00005085  __TI_writemsg                              
00005467  __TI_zero_init                             
00004921  __aeabi_cdcmpeq                            
00004921  __aeabi_cdcmple                            
000049a7  __aeabi_cdrcmple                           
00004eb9  __aeabi_d2iz                               
00003873  __aeabi_dadd                               
00003cbd  __aeabi_ddiv                               
0000413d  __aeabi_dmul                               
00003869  __aeabi_dsub                               
0000547d  __aeabi_errno_addr                         
00005191  __aeabi_i2d                                
000030f3  __aeabi_idiv0                              
000030f3  __aeabi_ldiv0                              
00004a2d  __aeabi_memclr                             
00004a2d  __aeabi_memclr4                            
00004a2d  __aeabi_memclr8                            
00004767  __aeabi_memcpy                             
00004767  __aeabi_memcpy4                            
00004767  __aeabi_memcpy8                            
00004a2f  __aeabi_memset                             
00004a2f  __aeabi_memset4                            
00004a2f  __aeabi_memset8                            
00004803  __aeabi_uldivmod                           
ffffffff  __binit__                                  
ffffffff  __c_args__                                 
UNDEFED   __mpu_init                                 
2000fe00  __stack                                    
20000000  __start___llvm_prf_cnts                    
20000000  __stop___llvm_prf_cnts                     
0000543d  __time32                                   
00005129  _c_int00_noargs                            
00005784  _ctypes_                                   
00002715  _delayTimerInit                            
000028ff  _gameInit                                  
00002763  _hwInit                                    
200006c0  _lock                                      
00002977  _menuInit                                  
00000b33  _nop                                       
UNDEFED   _system_post_cinit                         
00005485  _system_pre_init                           
200006c4  _unlock                                    
00005489  abort                                      
00004ddd  atoi                                       
ffffffff  binit                                      
00005355  copysign                                   
00005355  copysignl                                  
200006aa  count                                      
20000300  enemies                                    
000024c1  enemy_manager_draw                         
00002619  enemy_manager_has_reached_player           
00002101  enemy_manager_init                         
00002237  enemy_manager_update                       
200006d0  errno                                      
00004b7d  frexp                                      
00004b7d  frexpl                                     
20000678  g_sContext                                 
200006b0  g_sCrystalfontz128x128                     
00005aa8  g_sCrystalfontz128x128_funcs               
00005888  g_sFontFixed6x8                            
200006ab  game                                       
00001eb1  graphics_draw_bullet                       
00001e19  graphics_draw_explosion                    
00001c7d  graphics_draw_lives                        
00001b1b  graphics_draw_player                       
00001b9b  graphics_draw_score                        
00001d0d  graphics_draw_single_invader               
00001efd  graphics_hide_player                       
00001a8d  graphics_init                              
00001ac5  graphics_init_menu                         
00001f33  graphics_lose                              
00001c51  graphics_update_screen                     
00001fed  graphics_win                               
200006cc  highscore                                  
00000000  interruptVectors                           
200006ac  invaders_per_row                           
0000269d  is_every_enemy_dead                        
0000402d  ldexp                                      
0000402d  ldexpl                                     
200006c8  level                                      
200006ad  lives                                      
200006ce  lose                                       
000029a3  main                                       
000052eb  memccpy                                    
00004767  memcpy                                     
00004a35  memset                                     
200006ae  menu                                       
200006af  num_rows                                   
20000694  parmbuf                                    
200006a4  player                                     
00004ce5  player_init                                
00004d01  player_move                                
00000ead  projectile_manager_check_collisions        
00000d61  projectile_manager_draw                    
00000b35  projectile_manager_init                    
00000b6d  projectile_manager_spawn                   
00000c1d  projectile_manager_update                  
0000515d  rand                                       
0000402d  scalbn                                     
0000402d  scalbnl                                    
200006ca  score                                      
00005005  sprintf                                    
0000528d  srand                                      
000053df  strchr                                     
000053f5  strlen                                     
0000543d  time                                       
00005ae4  upConfig                                   
0000541b  wcslen                                     
200006cf  win                                        


GLOBAL SYMBOLS: SORTED BY Symbol Address 

address   name                                       
-------   ----                                       
00000000  __TI_static_base__                         
00000000  interruptVectors                           
000000e5  __TI_printfi                               
00000200  __STACK_SIZE                               
00000b33  _nop                                       
00000b35  projectile_manager_init                    
00000b6d  projectile_manager_spawn                   
00000c1d  projectile_manager_update                  
00000d61  projectile_manager_draw                    
00000ead  projectile_manager_check_collisions        
0000140d  Crystalfontz128x128_Init                   
00001521  Crystalfontz128x128_SetDrawFrame           
0000164f  Crystalfontz128x128_SetOrientation         
00001a8d  graphics_init                              
00001ac5  graphics_init_menu                         
00001b1b  graphics_draw_player                       
00001b9b  graphics_draw_score                        
00001c51  graphics_update_screen                     
00001c7d  graphics_draw_lives                        
00001d0d  graphics_draw_single_invader               
00001e19  graphics_draw_explosion                    
00001eb1  graphics_draw_bullet                       
00001efd  graphics_hide_player                       
00001f33  graphics_lose                              
00001fed  graphics_win                               
00002101  enemy_manager_init                         
00002237  enemy_manager_update                       
000024c1  enemy_manager_draw                         
00002619  enemy_manager_has_reached_player           
0000269d  is_every_enemy_dead                        
00002715  _delayTimerInit                            
00002763  _hwInit                                    
000028ff  _gameInit                                  
00002977  _menuInit                                  
000029a3  main                                       
00002a7d  PORT1_IRQHandler                           
00002a7d  PORT1_IRQHandler                           
00002b11  TA0_0_IRQHandler                           
00002b11  TA0_0_IRQHandler                           
00002b3d  ADC14_IRQHandler                           
00002b3d  ADC14_IRQHandler                           
00002c75  Graphics_drawString                        
000030f3  __aeabi_idiv0                              
000030f3  __aeabi_ldiv0                              
000030f5  SystemCoreClockUpdate                      
0000336d  SystemInit                                 
00003869  __aeabi_dsub                               
00003873  __aeabi_dadd                               
00003cbd  __aeabi_ddiv                               
00003f19  Graphics_fillRectangle                     
0000402d  ldexp                                      
0000402d  ldexpl                                     
0000402d  scalbn                                     
0000402d  scalbnl                                    
0000413d  __aeabi_dmul                               
00004239  Graphics_getStringWidth                    
00004335  HAL_LCD_PortInit                           
00004365  HAL_LCD_SpiInit                            
0000439b  HAL_LCD_writeCommand                       
000043cb  HAL_LCD_writeData                          
00004401  ADC14_configureConversionMemory            
000044b5  ADC14_configureMultiSequenceMode           
0000461b  SPI_initMaster                             
000046cb  Graphics_drawLineH                         
00004767  __aeabi_memcpy                             
00004767  __aeabi_memcpy4                            
00004767  __aeabi_memcpy8                            
00004767  memcpy                                     
00004803  __aeabi_uldivmod                           
00004899  GPIO_setAsPeripheralModuleFunctionOutputPin
00004921  __aeabi_cdcmpeq                            
00004921  __aeabi_cdcmple                            
000049a7  __aeabi_cdrcmple                           
00004a2d  __aeabi_memclr                             
00004a2d  __aeabi_memclr4                            
00004a2d  __aeabi_memclr8                            
00004a2f  __aeabi_memset                             
00004a2f  __aeabi_memset4                            
00004a2f  __aeabi_memset8                            
00004a35  memset                                     
00004b15  __TI_decompress_lzss                       
00004b7d  frexp                                      
00004b7d  frexpl                                     
00004be1  Graphics_drawPixel                         
00004c91  __TI_ltoa                                  
00004ce5  player_init                                
00004d01  player_move                                
00004d39  Graphics_initContext                       
00004ddd  atoi                                       
00004e29  Graphics_drawStringCentered                
00004e71  HOSTtime                                   
00004eb9  __aeabi_d2iz                               
00004f01  __TI_auto_init_nobinit_nopinit             
00004f45  GPIO_setAsOutputPin                        
00005005  sprintf                                    
00005085  __TI_writemsg                              
000050b3  C$$IO$$                                    
000050bd  Graphics_drawHorizontalLineOnDisplay       
000050f5  __TI_readmsg                               
00005129  _c_int00_noargs                            
0000515d  rand                                       
00005191  __aeabi_i2d                                
000051bf  Graphics_drawPixelOnDisplay                
000051ed  ADC14_getResult                            
00005215  GPIO_clearInterruptFlag                    
0000523d  GPIO_setOutputHighOnPin                    
00005265  GPIO_setOutputLowOnPin                     
0000528d  srand                                      
000052b1  Graphics_fillRectangleOnDisplay            
000052cf  SPI_enableModule                           
000052eb  memccpy                                    
00005307  Graphics_clearDisplayOnDisplay             
00005321  Graphics_setBackgroundColor                
0000533b  Graphics_setFont                           
00005355  copysign                                   
00005355  copysignl                                  
00005387  EUSCI_A_SPI_enable                         
0000539d  EUSCI_B_SPI_enable                         
000053b3  Graphics_setForegroundColor                
000053c9  Graphics_translateColorOnDisplay           
000053df  strchr                                     
000053f5  strlen                                     
00005409  Graphics_clearDisplay                      
0000541b  wcslen                                     
0000543d  __time32                                   
0000543d  time                                       
0000544b  __TI_decompress_none                       
00005459  Reset_Handler                              
00005465  AES256_IRQHandler                          
00005465  BusFault_Handler                           
00005465  COMP_E0_IRQHandler                         
00005465  COMP_E1_IRQHandler                         
00005465  CS_IRQHandler                              
00005465  DMA_ERR_IRQHandler                         
00005465  DMA_INT0_IRQHandler                        
00005465  DMA_INT1_IRQHandler                        
00005465  DMA_INT2_IRQHandler                        
00005465  DMA_INT3_IRQHandler                        
00005465  DebugMon_Handler                           
00005465  Default_Handler                            
00005465  EUSCIA0_IRQHandler                         
00005465  EUSCIA1_IRQHandler                         
00005465  EUSCIA2_IRQHandler                         
00005465  EUSCIA3_IRQHandler                         
00005465  EUSCIB0_IRQHandler                         
00005465  EUSCIB1_IRQHandler                         
00005465  EUSCIB2_IRQHandler                         
00005465  EUSCIB3_IRQHandler                         
00005465  FLCTL_IRQHandler                           
00005465  FPU_IRQHandler                             
00005465  HardFault_Handler                          
00005465  MemManage_Handler                          
00005465  NMI_Handler                                
00005465  PCM_IRQHandler                             
00005465  PORT2_IRQHandler                           
00005465  PORT3_IRQHandler                           
00005465  PORT4_IRQHandler                           
00005465  PORT5_IRQHandler                           
00005465  PORT6_IRQHandler                           
00005465  PSS_IRQHandler                             
00005465  PendSV_Handler                             
00005465  RTC_C_IRQHandler                           
00005465  SVC_Handler                                
00005465  SysTick_Handler                            
00005465  T32_INT1_IRQHandler                        
00005465  T32_INT2_IRQHandler                        
00005465  T32_INTC_IRQHandler                        
00005465  TA0_N_IRQHandler                           
00005465  TA1_0_IRQHandler                           
00005465  TA1_N_IRQHandler                           
00005465  TA2_0_IRQHandler                           
00005465  TA2_N_IRQHandler                           
00005465  TA3_0_IRQHandler                           
00005465  TA3_N_IRQHandler                           
00005465  UsageFault_Handler                         
00005465  WDT_A_IRQHandler                           
00005467  __TI_zero_init                             
0000547d  __aeabi_errno_addr                         
00005485  _system_pre_init                           
00005489  C$$EXIT                                    
00005489  abort                                      
00005784  _ctypes_                                   
00005888  g_sFontFixed6x8                            
00005aa8  g_sCrystalfontz128x128_funcs               
00005ae4  upConfig                                   
00005b2c  __TI_Handler_Table_Base                    
00005b38  __TI_Handler_Table_Limit                   
00005b40  __TI_CINIT_Base                            
00005b50  __TI_CINIT_Limit                           
20000000  __start___llvm_prf_cnts                    
20000000  __stop___llvm_prf_cnts                     
20000300  enemies                                    
20000558  __CIOBUF_                                  
20000678  g_sContext                                 
20000694  parmbuf                                    
2000069e  Lcd_ScreenHeigth                           
200006a0  Lcd_ScreenWidth                            
200006a2  Lcd_TouchTrim                              
200006a4  player                                     
200006a6  Lcd_FlagRead                               
200006a7  Lcd_FontSolid                              
200006a8  Lcd_Orientation                            
200006a9  Lcd_PenSolid                               
200006aa  count                                      
200006ab  game                                       
200006ac  invaders_per_row                           
200006ad  lives                                      
200006ae  menu                                       
200006af  num_rows                                   
200006b0  g_sCrystalfontz128x128                     
200006c0  _lock                                      
200006c4  _unlock                                    
200006c8  level                                      
200006ca  score                                      
200006cc  highscore                                  
200006ce  lose                                       
200006cf  win                                        
200006d0  errno                                      
200006d8  SystemCoreClock                            
2000fe00  __stack                                    
20010000  __STACK_END                                
4000480c  WDTCTL_SYM                                 
ffffffff  __TI_pprof_out_hndl                        
ffffffff  __TI_prof_data_size                        
ffffffff  __TI_prof_data_start                       
ffffffff  __binit__                                  
ffffffff  __c_args__                                 
ffffffff  binit                                      
UNDEFED   __mpu_init                                 
UNDEFED   _system_post_cinit                         

[230 symbols]
