<?xml version="1.0" encoding="ISO-8859-1" ?>
<link_info>
   <banner>TI ARM Linker PC v20.2.7.LTS</banner>
   <copyright>Copyright (c) 1996-2018 Texas Instruments Incorporated</copyright>
   <link_time>0x67a0bbcd</link_time>
   <link_errors>0x0</link_errors>
   <output_file>space_invader_final.out</output_file>
   <entry_point>
      <name>_c_int00_noargs</name>
      <address>0x5129</address>
   </entry_point>
   <input_file_list>
      <input_file id="fl-2">
         <path>.\</path>
         <kind>object</kind>
         <file>enemy.obj</file>
         <name>enemy.obj</name>
      </input_file>
      <input_file id="fl-3">
         <path>.\</path>
         <kind>object</kind>
         <file>graphics.obj</file>
         <name>graphics.obj</name>
      </input_file>
      <input_file id="fl-4">
         <path>.\</path>
         <kind>object</kind>
         <file>main.obj</file>
         <name>main.obj</name>
      </input_file>
      <input_file id="fl-5">
         <path>.\</path>
         <kind>object</kind>
         <file>player.obj</file>
         <name>player.obj</name>
      </input_file>
      <input_file id="fl-6">
         <path>.\</path>
         <kind>object</kind>
         <file>projectile.obj</file>
         <name>projectile.obj</name>
      </input_file>
      <input_file id="fl-7">
         <path>.\</path>
         <kind>object</kind>
         <file>startup_msp432p401r_ccs.obj</file>
         <name>startup_msp432p401r_ccs.obj</name>
      </input_file>
      <input_file id="fl-8">
         <path>.\</path>
         <kind>object</kind>
         <file>system_msp432p401r.obj</file>
         <name>system_msp432p401r.obj</name>
      </input_file>
      <input_file id="fl-9">
         <path>.\LcdDriver\</path>
         <kind>object</kind>
         <file>Crystalfontz128x128_ST7735.obj</file>
         <name>Crystalfontz128x128_ST7735.obj</name>
      </input_file>
      <input_file id="fl-a">
         <path>.\LcdDriver\</path>
         <kind>object</kind>
         <file>HAL_MSP_EXP432P401R_Crystalfontz128x128_ST7735.obj</file>
         <name>HAL_MSP_EXP432P401R_Crystalfontz128x128_ST7735.obj</name>
      </input_file>
      <input_file id="fl-10">
         <kind>object</kind>
         <file>&lt;internal&gt;</file>
         <name>&lt;internal&gt;</name>
      </input_file>
      <input_file id="fl-c6">
         <path>C:\ti\ccs1281\ccs\tools\compiler\ti-cgt-arm_20.2.7.LTS\lib\</path>
         <kind>archive</kind>
         <file>rtsv7M4_T_le_v4SPD16_eabi.lib</file>
         <name>sprintf.c.obj</name>
      </input_file>
      <input_file id="fl-c7">
         <path>C:\ti\ccs1281\ccs\tools\compiler\ti-cgt-arm_20.2.7.LTS\lib\</path>
         <kind>archive</kind>
         <file>rtsv7M4_T_le_v4SPD16_eabi.lib</file>
         <name>memcpy_t2.asm.obj</name>
      </input_file>
      <input_file id="fl-c8">
         <path>C:\ti\ccs1281\ccs\tools\compiler\ti-cgt-arm_20.2.7.LTS\lib\</path>
         <kind>archive</kind>
         <file>rtsv7M4_T_le_v4SPD16_eabi.lib</file>
         <name>copy_zero_init.c.obj</name>
      </input_file>
      <input_file id="fl-c9">
         <path>C:\ti\ccs1281\ccs\tools\compiler\ti-cgt-arm_20.2.7.LTS\lib\</path>
         <kind>archive</kind>
         <file>rtsv7M4_T_le_v4SPD16_eabi.lib</file>
         <name>copy_decompress_none.c.obj</name>
      </input_file>
      <input_file id="fl-ca">
         <path>C:\ti\ccs1281\ccs\tools\compiler\ti-cgt-arm_20.2.7.LTS\lib\</path>
         <kind>archive</kind>
         <file>rtsv7M4_T_le_v4SPD16_eabi.lib</file>
         <name>copy_decompress_lzss.c.obj</name>
      </input_file>
      <input_file id="fl-cb">
         <path>C:\ti\ccs1281\ccs\tools\compiler\ti-cgt-arm_20.2.7.LTS\lib\</path>
         <kind>archive</kind>
         <file>rtsv7M4_T_le_v4SPD16_eabi.lib</file>
         <name>rand.c.obj</name>
      </input_file>
      <input_file id="fl-cc">
         <path>C:\ti\ccs1281\ccs\tools\compiler\ti-cgt-arm_20.2.7.LTS\lib\</path>
         <kind>archive</kind>
         <file>rtsv7M4_T_le_v4SPD16_eabi.lib</file>
         <name>boot_cortex_m.c.obj</name>
      </input_file>
      <input_file id="fl-cd">
         <path>C:\ti\ccs1281\ccs\tools\compiler\ti-cgt-arm_20.2.7.LTS\lib\</path>
         <kind>archive</kind>
         <file>rtsv7M4_T_le_v4SPD16_eabi.lib</file>
         <name>time.c.obj</name>
      </input_file>
      <input_file id="fl-ce">
         <path>C:\ti\ccs1281\ccs\tools\compiler\ti-cgt-arm_20.2.7.LTS\lib\</path>
         <kind>archive</kind>
         <file>rtsv7M4_T_le_v4SPD16_eabi.lib</file>
         <name>_printfi.c.obj</name>
      </input_file>
      <input_file id="fl-cf">
         <path>C:\ti\ccs1281\ccs\tools\compiler\ti-cgt-arm_20.2.7.LTS\lib\</path>
         <kind>archive</kind>
         <file>rtsv7M4_T_le_v4SPD16_eabi.lib</file>
         <name>fd_add_t2.asm.obj</name>
      </input_file>
      <input_file id="fl-d0">
         <path>C:\ti\ccs1281\ccs\tools\compiler\ti-cgt-arm_20.2.7.LTS\lib\</path>
         <kind>archive</kind>
         <file>rtsv7M4_T_le_v4SPD16_eabi.lib</file>
         <name>fd_cmp_t2.asm.obj</name>
      </input_file>
      <input_file id="fl-d1">
         <path>C:\ti\ccs1281\ccs\tools\compiler\ti-cgt-arm_20.2.7.LTS\lib\</path>
         <kind>archive</kind>
         <file>rtsv7M4_T_le_v4SPD16_eabi.lib</file>
         <name>fd_div_t2.asm.obj</name>
      </input_file>
      <input_file id="fl-d2">
         <path>C:\ti\ccs1281\ccs\tools\compiler\ti-cgt-arm_20.2.7.LTS\lib\</path>
         <kind>archive</kind>
         <file>rtsv7M4_T_le_v4SPD16_eabi.lib</file>
         <name>fd_mul_t2.asm.obj</name>
      </input_file>
      <input_file id="fl-d3">
         <path>C:\ti\ccs1281\ccs\tools\compiler\ti-cgt-arm_20.2.7.LTS\lib\</path>
         <kind>archive</kind>
         <file>rtsv7M4_T_le_v4SPD16_eabi.lib</file>
         <name>fd_toi_t2.asm.obj</name>
      </input_file>
      <input_file id="fl-d4">
         <path>C:\ti\ccs1281\ccs\tools\compiler\ti-cgt-arm_20.2.7.LTS\lib\</path>
         <kind>archive</kind>
         <file>rtsv7M4_T_le_v4SPD16_eabi.lib</file>
         <name>i_tofd_t2.asm.obj</name>
      </input_file>
      <input_file id="fl-d5">
         <path>C:\ti\ccs1281\ccs\tools\compiler\ti-cgt-arm_20.2.7.LTS\lib\</path>
         <kind>archive</kind>
         <file>rtsv7M4_T_le_v4SPD16_eabi.lib</file>
         <name>memset_t2.asm.obj</name>
      </input_file>
      <input_file id="fl-d6">
         <path>C:\ti\ccs1281\ccs\tools\compiler\ti-cgt-arm_20.2.7.LTS\lib\</path>
         <kind>archive</kind>
         <file>rtsv7M4_T_le_v4SPD16_eabi.lib</file>
         <name>ull_div_t2.asm.obj</name>
      </input_file>
      <input_file id="fl-d7">
         <path>C:\ti\ccs1281\ccs\tools\compiler\ti-cgt-arm_20.2.7.LTS\lib\</path>
         <kind>archive</kind>
         <file>rtsv7M4_T_le_v4SPD16_eabi.lib</file>
         <name>autoinit.c.obj</name>
      </input_file>
      <input_file id="fl-d8">
         <path>C:\ti\ccs1281\ccs\tools\compiler\ti-cgt-arm_20.2.7.LTS\lib\</path>
         <kind>archive</kind>
         <file>rtsv7M4_T_le_v4SPD16_eabi.lib</file>
         <name>pre_init.c.obj</name>
      </input_file>
      <input_file id="fl-d9">
         <path>C:\ti\ccs1281\ccs\tools\compiler\ti-cgt-arm_20.2.7.LTS\lib\</path>
         <kind>archive</kind>
         <file>rtsv7M4_T_le_v4SPD16_eabi.lib</file>
         <name>cpy_tbl.c.obj</name>
      </input_file>
      <input_file id="fl-da">
         <path>C:\ti\ccs1281\ccs\tools\compiler\ti-cgt-arm_20.2.7.LTS\lib\</path>
         <kind>archive</kind>
         <file>rtsv7M4_T_le_v4SPD16_eabi.lib</file>
         <name>exit.c.obj</name>
      </input_file>
      <input_file id="fl-db">
         <path>C:\ti\ccs1281\ccs\tools\compiler\ti-cgt-arm_20.2.7.LTS\lib\</path>
         <kind>archive</kind>
         <file>rtsv7M4_T_le_v4SPD16_eabi.lib</file>
         <name>_lock.c.obj</name>
      </input_file>
      <input_file id="fl-dc">
         <path>C:\ti\ccs1281\ccs\tools\compiler\ti-cgt-arm_20.2.7.LTS\lib\</path>
         <kind>archive</kind>
         <file>rtsv7M4_T_le_v4SPD16_eabi.lib</file>
         <name>_ltoa.c.obj</name>
      </input_file>
      <input_file id="fl-dd">
         <path>C:\ti\ccs1281\ccs\tools\compiler\ti-cgt-arm_20.2.7.LTS\lib\</path>
         <kind>archive</kind>
         <file>rtsv7M4_T_le_v4SPD16_eabi.lib</file>
         <name>args_main.c.obj</name>
      </input_file>
      <input_file id="fl-de">
         <path>C:\ti\ccs1281\ccs\tools\compiler\ti-cgt-arm_20.2.7.LTS\lib\</path>
         <kind>archive</kind>
         <file>rtsv7M4_T_le_v4SPD16_eabi.lib</file>
         <name>atoi.c.obj</name>
      </input_file>
      <input_file id="fl-df">
         <path>C:\ti\ccs1281\ccs\tools\compiler\ti-cgt-arm_20.2.7.LTS\lib\</path>
         <kind>archive</kind>
         <file>rtsv7M4_T_le_v4SPD16_eabi.lib</file>
         <name>ctype.c.obj</name>
      </input_file>
      <input_file id="fl-e0">
         <path>C:\ti\ccs1281\ccs\tools\compiler\ti-cgt-arm_20.2.7.LTS\lib\</path>
         <kind>archive</kind>
         <file>rtsv7M4_T_le_v4SPD16_eabi.lib</file>
         <name>memccpy.c.obj</name>
      </input_file>
      <input_file id="fl-e1">
         <path>C:\ti\ccs1281\ccs\tools\compiler\ti-cgt-arm_20.2.7.LTS\lib\</path>
         <kind>archive</kind>
         <file>rtsv7M4_T_le_v4SPD16_eabi.lib</file>
         <name>strchr.c.obj</name>
      </input_file>
      <input_file id="fl-e2">
         <path>C:\ti\ccs1281\ccs\tools\compiler\ti-cgt-arm_20.2.7.LTS\lib\</path>
         <kind>archive</kind>
         <file>rtsv7M4_T_le_v4SPD16_eabi.lib</file>
         <name>strlen.c.obj</name>
      </input_file>
      <input_file id="fl-e3">
         <path>C:\ti\ccs1281\ccs\tools\compiler\ti-cgt-arm_20.2.7.LTS\lib\</path>
         <kind>archive</kind>
         <file>rtsv7M4_T_le_v4SPD16_eabi.lib</file>
         <name>hosttime.c.obj</name>
      </input_file>
      <input_file id="fl-e4">
         <path>C:\ti\ccs1281\ccs\tools\compiler\ti-cgt-arm_20.2.7.LTS\lib\</path>
         <kind>archive</kind>
         <file>rtsv7M4_T_le_v4SPD16_eabi.lib</file>
         <name>trgmsg.c.obj</name>
      </input_file>
      <input_file id="fl-e5">
         <path>C:\ti\ccs1281\ccs\tools\compiler\ti-cgt-arm_20.2.7.LTS\lib\</path>
         <kind>archive</kind>
         <file>rtsv7M4_T_le_v4SPD16_eabi.lib</file>
         <name>errno.c.obj</name>
      </input_file>
      <input_file id="fl-e6">
         <path>C:\ti\ccs1281\ccs\tools\compiler\ti-cgt-arm_20.2.7.LTS\lib\</path>
         <kind>archive</kind>
         <file>rtsv7M4_T_le_v4SPD16_eabi.lib</file>
         <name>wcslen.c.obj</name>
      </input_file>
      <input_file id="fl-e7">
         <path>C:\ti\ccs1281\ccs\tools\compiler\ti-cgt-arm_20.2.7.LTS\lib\</path>
         <kind>archive</kind>
         <file>rtsv7M4_T_le_v4SPD16_eabi.lib</file>
         <name>s_frexp.c.obj</name>
      </input_file>
      <input_file id="fl-e8">
         <path>C:\ti\ccs1281\ccs\tools\compiler\ti-cgt-arm_20.2.7.LTS\lib\</path>
         <kind>archive</kind>
         <file>rtsv7M4_T_le_v4SPD16_eabi.lib</file>
         <name>s_scalbn.c.obj</name>
      </input_file>
      <input_file id="fl-e9">
         <path>C:\ti\ccs1281\ccs\tools\compiler\ti-cgt-arm_20.2.7.LTS\lib\</path>
         <kind>archive</kind>
         <file>rtsv7M4_T_le_v4SPD16_eabi.lib</file>
         <name>div0.asm.obj</name>
      </input_file>
      <input_file id="fl-ea">
         <path>C:\ti\ccs1281\ccs\tools\compiler\ti-cgt-arm_20.2.7.LTS\lib\</path>
         <kind>archive</kind>
         <file>rtsv7M4_T_le_v4SPD16_eabi.lib</file>
         <name>hostopen.c.obj</name>
      </input_file>
      <input_file id="fl-eb">
         <path>C:\ti\ccs1281\ccs\tools\compiler\ti-cgt-arm_20.2.7.LTS\lib\</path>
         <kind>archive</kind>
         <file>rtsv7M4_T_le_v4SPD16_eabi.lib</file>
         <name>s_copysign.c.obj</name>
      </input_file>
      <input_file id="fl-ec">
         <path>C:\Users\decol\Downloads\simplelink_msp432p4_sdk_3_40_01_02\simplelink_msp432p4_sdk_3_40_01_02\source\ti\grlib\lib\ccs\m4\</path>
         <kind>archive</kind>
         <file>grlib.a</file>
         <name>context.obj</name>
      </input_file>
      <input_file id="fl-ed">
         <path>C:\Users\decol\Downloads\simplelink_msp432p4_sdk_3_40_01_02\simplelink_msp432p4_sdk_3_40_01_02\source\ti\grlib\lib\ccs\m4\</path>
         <kind>archive</kind>
         <file>grlib.a</file>
         <name>display.obj</name>
      </input_file>
      <input_file id="fl-ee">
         <path>C:\Users\decol\Downloads\simplelink_msp432p4_sdk_3_40_01_02\simplelink_msp432p4_sdk_3_40_01_02\source\ti\grlib\lib\ccs\m4\</path>
         <kind>archive</kind>
         <file>grlib.a</file>
         <name>fontfixed6x8.obj</name>
      </input_file>
      <input_file id="fl-ef">
         <path>C:\Users\decol\Downloads\simplelink_msp432p4_sdk_3_40_01_02\simplelink_msp432p4_sdk_3_40_01_02\source\ti\grlib\lib\ccs\m4\</path>
         <kind>archive</kind>
         <file>grlib.a</file>
         <name>rectangle.obj</name>
      </input_file>
      <input_file id="fl-f0">
         <path>C:\Users\decol\Downloads\simplelink_msp432p4_sdk_3_40_01_02\simplelink_msp432p4_sdk_3_40_01_02\source\ti\grlib\lib\ccs\m4\</path>
         <kind>archive</kind>
         <file>grlib.a</file>
         <name>string.obj</name>
      </input_file>
      <input_file id="fl-f1">
         <path>C:\Users\decol\Downloads\simplelink_msp432p4_sdk_3_40_01_02\simplelink_msp432p4_sdk_3_40_01_02\source\ti\grlib\lib\ccs\m4\</path>
         <kind>archive</kind>
         <file>grlib.a</file>
         <name>line.obj</name>
      </input_file>
      <input_file id="fl-f2">
         <path>C:\Users\decol\Downloads\simplelink_msp432p4_sdk_3_40_01_02\simplelink_msp432p4_sdk_3_40_01_02\source\ti\devices\msp432p4xx\driverlib\ccs\</path>
         <kind>archive</kind>
         <file>msp432p4xx_driverlib.lib</file>
         <name>adc14.o</name>
      </input_file>
      <input_file id="fl-f3">
         <path>C:\Users\decol\Downloads\simplelink_msp432p4_sdk_3_40_01_02\simplelink_msp432p4_sdk_3_40_01_02\source\ti\devices\msp432p4xx\driverlib\ccs\</path>
         <kind>archive</kind>
         <file>msp432p4xx_driverlib.lib</file>
         <name>gpio.o</name>
      </input_file>
      <input_file id="fl-f4">
         <path>C:\Users\decol\Downloads\simplelink_msp432p4_sdk_3_40_01_02\simplelink_msp432p4_sdk_3_40_01_02\source\ti\devices\msp432p4xx\driverlib\ccs\</path>
         <kind>archive</kind>
         <file>msp432p4xx_driverlib.lib</file>
         <name>interrupt.o</name>
      </input_file>
      <input_file id="fl-f5">
         <path>C:\Users\decol\Downloads\simplelink_msp432p4_sdk_3_40_01_02\simplelink_msp432p4_sdk_3_40_01_02\source\ti\devices\msp432p4xx\driverlib\ccs\</path>
         <kind>archive</kind>
         <file>msp432p4xx_driverlib.lib</file>
         <name>spi.o</name>
      </input_file>
      <input_file id="fl-f6">
         <path>C:\Users\decol\Downloads\simplelink_msp432p4_sdk_3_40_01_02\simplelink_msp432p4_sdk_3_40_01_02\source\ti\devices\msp432p4xx\driverlib\ccs\</path>
         <kind>archive</kind>
         <file>msp432p4xx_driverlib.lib</file>
         <name>cpu.o</name>
      </input_file>
   </input_file_list>
   <object_component_list>
      <object_component id="oc-26">
         <name>.intvecs:retain</name>
         <load_address>0x0</load_address>
         <run_address>0x0</run_address>
         <size>0xe4</size>
         <input_file_ref idref="fl-7"/>
      </object_component>
      <object_component id="oc-29a">
         <name>.text:__TI_printfi</name>
         <load_address>0xe4</load_address>
         <run_address>0xe4</run_address>
         <size>0xa4e</size>
         <input_file_ref idref="fl-ce"/>
      </object_component>
      <object_component id="oc-32d">
         <name>.text:_nop</name>
         <load_address>0xb32</load_address>
         <run_address>0xb32</run_address>
         <size>0x2</size>
         <input_file_ref idref="fl-db"/>
      </object_component>
      <object_component id="oc-ca">
         <name>.text</name>
         <load_address>0xb34</load_address>
         <run_address>0xb34</run_address>
         <size>0x8d8</size>
         <input_file_ref idref="fl-6"/>
      </object_component>
      <object_component id="oc-163">
         <name>.text</name>
         <load_address>0x140c</load_address>
         <run_address>0x140c</run_address>
         <size>0x680</size>
         <input_file_ref idref="fl-9"/>
      </object_component>
      <object_component id="oc-ac">
         <name>.text</name>
         <load_address>0x1a8c</load_address>
         <run_address>0x1a8c</run_address>
         <size>0x674</size>
         <input_file_ref idref="fl-3"/>
      </object_component>
      <object_component id="oc-c4">
         <name>.text</name>
         <load_address>0x2100</load_address>
         <run_address>0x2100</run_address>
         <size>0x614</size>
         <input_file_ref idref="fl-2"/>
      </object_component>
      <object_component id="oc-6d">
         <name>.text</name>
         <load_address>0x2714</load_address>
         <run_address>0x2714</run_address>
         <size>0x560</size>
         <input_file_ref idref="fl-4"/>
      </object_component>
      <object_component id="oc-199">
         <name>.text:Graphics_drawString</name>
         <load_address>0x2c74</load_address>
         <run_address>0x2c74</run_address>
         <size>0x47e</size>
         <input_file_ref idref="fl-f0"/>
      </object_component>
      <object_component id="oc-4ba">
         <name>.text</name>
         <load_address>0x30f2</load_address>
         <run_address>0x30f2</run_address>
         <size>0x2</size>
         <input_file_ref idref="fl-e9"/>
      </object_component>
      <object_component id="oc-a5">
         <name>.text</name>
         <load_address>0x30f4</load_address>
         <run_address>0x30f4</run_address>
         <size>0x334</size>
         <input_file_ref idref="fl-8"/>
      </object_component>
      <object_component id="oc-3ae">
         <name>.text:_pconv_a</name>
         <load_address>0x3428</load_address>
         <run_address>0x3428</run_address>
         <size>0x270</size>
         <input_file_ref idref="fl-ce"/>
      </object_component>
      <object_component id="oc-39c">
         <name>.text:_pconv_g</name>
         <load_address>0x3698</load_address>
         <run_address>0x3698</run_address>
         <size>0x1d0</size>
         <input_file_ref idref="fl-ce"/>
      </object_component>
      <object_component id="oc-44e">
         <name>.text</name>
         <load_address>0x3868</load_address>
         <run_address>0x3868</run_address>
         <size>0x1b6</size>
         <input_file_ref idref="fl-cf"/>
      </object_component>
      <object_component id="oc-1c1">
         <name>.text:_getIndexForMemRegister</name>
         <load_address>0x3a20</load_address>
         <run_address>0x3a20</run_address>
         <size>0x160</size>
         <input_file_ref idref="fl-f2"/>
      </object_component>
      <object_component id="oc-3a8">
         <name>.text:_pconv_e</name>
         <load_address>0x3b80</load_address>
         <run_address>0x3b80</run_address>
         <size>0x13c</size>
         <input_file_ref idref="fl-ce"/>
      </object_component>
      <object_component id="oc-434">
         <name>.text</name>
         <load_address>0x3cbc</load_address>
         <run_address>0x3cbc</run_address>
         <size>0x136</size>
         <input_file_ref idref="fl-d1"/>
      </object_component>
      <object_component id="oc-460">
         <name>.text:fcvt</name>
         <load_address>0x3df4</load_address>
         <run_address>0x3df4</run_address>
         <size>0x124</size>
         <input_file_ref idref="fl-ce"/>
      </object_component>
      <object_component id="oc-193">
         <name>.text:Graphics_fillRectangle</name>
         <load_address>0x3f18</load_address>
         <run_address>0x3f18</run_address>
         <size>0x112</size>
         <input_file_ref idref="fl-ef"/>
      </object_component>
      <object_component id="oc-474">
         <name>.text:scalbn</name>
         <load_address>0x402c</load_address>
         <run_address>0x402c</run_address>
         <size>0x110</size>
         <input_file_ref idref="fl-e8"/>
      </object_component>
      <object_component id="oc-42f">
         <name>.text</name>
         <load_address>0x413c</load_address>
         <run_address>0x413c</run_address>
         <size>0xfc</size>
         <input_file_ref idref="fl-d2"/>
      </object_component>
      <object_component id="oc-292">
         <name>.text:Graphics_getStringWidth</name>
         <load_address>0x4238</load_address>
         <run_address>0x4238</run_address>
         <size>0xfa</size>
         <input_file_ref idref="fl-f0"/>
      </object_component>
      <object_component id="oc-269">
         <name>.text</name>
         <load_address>0x4334</load_address>
         <run_address>0x4334</run_address>
         <size>0xcc</size>
         <input_file_ref idref="fl-a"/>
      </object_component>
      <object_component id="oc-b8">
         <name>.text:ADC14_configureConversionMemory</name>
         <load_address>0x4400</load_address>
         <run_address>0x4400</run_address>
         <size>0xb4</size>
         <input_file_ref idref="fl-f2"/>
      </object_component>
      <object_component id="oc-b2">
         <name>.text:ADC14_configureMultiSequenceMode</name>
         <load_address>0x44b4</load_address>
         <run_address>0x44b4</run_address>
         <size>0xb4</size>
         <input_file_ref idref="fl-f2"/>
      </object_component>
      <object_component id="oc-391">
         <name>.text:_ltostr</name>
         <load_address>0x4568</load_address>
         <run_address>0x4568</run_address>
         <size>0xb1</size>
         <input_file_ref idref="fl-ce"/>
      </object_component>
      <object_component id="oc-361">
         <name>.text:SPI_initMaster</name>
         <load_address>0x461a</load_address>
         <run_address>0x461a</run_address>
         <size>0xb0</size>
         <input_file_ref idref="fl-f5"/>
      </object_component>
      <object_component id="oc-2cd">
         <name>.text:Graphics_drawLineH</name>
         <load_address>0x46ca</load_address>
         <run_address>0x46ca</run_address>
         <size>0x9c</size>
         <input_file_ref idref="fl-f1"/>
      </object_component>
      <object_component id="oc-37">
         <name>.text</name>
         <load_address>0x4766</load_address>
         <run_address>0x4766</run_address>
         <size>0x9c</size>
         <input_file_ref idref="fl-c7"/>
      </object_component>
      <object_component id="oc-428">
         <name>.text</name>
         <load_address>0x4802</load_address>
         <run_address>0x4802</run_address>
         <size>0x96</size>
         <input_file_ref idref="fl-d6"/>
      </object_component>
      <object_component id="oc-355">
         <name>.text:GPIO_setAsPeripheralModuleFunctionOutputPin</name>
         <load_address>0x4898</load_address>
         <run_address>0x4898</run_address>
         <size>0x88</size>
         <input_file_ref idref="fl-f3"/>
      </object_component>
      <object_component id="oc-397">
         <name>.text:__aeabi_cdcmple</name>
         <load_address>0x4920</load_address>
         <run_address>0x4920</run_address>
         <size>0x86</size>
         <input_file_ref idref="fl-d0"/>
      </object_component>
      <object_component id="oc-439">
         <name>.text:__aeabi_cdrcmple</name>
         <load_address>0x49a6</load_address>
         <run_address>0x49a6</run_address>
         <size>0x86</size>
         <input_file_ref idref="fl-d0"/>
      </object_component>
      <object_component id="oc-8d">
         <name>.text</name>
         <load_address>0x4a2c</load_address>
         <run_address>0x4a2c</run_address>
         <size>0x7a</size>
         <input_file_ref idref="fl-d5"/>
      </object_component>
      <object_component id="oc-459">
         <name>.text:_mcpy</name>
         <load_address>0x4aa6</load_address>
         <run_address>0x4aa6</run_address>
         <size>0x6e</size>
         <input_file_ref idref="fl-ce"/>
      </object_component>
      <object_component id="oc-17">
         <name>.text:decompress:lzss:__TI_decompress_lzss</name>
         <load_address>0x4b14</load_address>
         <run_address>0x4b14</run_address>
         <size>0x68</size>
         <input_file_ref idref="fl-ca"/>
      </object_component>
      <object_component id="oc-46e">
         <name>.text:frexp</name>
         <load_address>0x4b7c</load_address>
         <run_address>0x4b7c</run_address>
         <size>0x64</size>
         <input_file_ref idref="fl-e7"/>
      </object_component>
      <object_component id="oc-18d">
         <name>.text:Graphics_drawPixel</name>
         <load_address>0x4be0</load_address>
         <run_address>0x4be0</run_address>
         <size>0x5a</size>
         <input_file_ref idref="fl-ec"/>
      </object_component>
      <object_component id="oc-3a2">
         <name>.text:_pconv_f</name>
         <load_address>0x4c3a</load_address>
         <run_address>0x4c3a</run_address>
         <size>0x56</size>
         <input_file_ref idref="fl-ce"/>
      </object_component>
      <object_component id="oc-443">
         <name>.text:__TI_ltoa</name>
         <load_address>0x4c90</load_address>
         <run_address>0x4c90</run_address>
         <size>0x54</size>
         <input_file_ref idref="fl-dc"/>
      </object_component>
      <object_component id="oc-be">
         <name>.text</name>
         <load_address>0x4ce4</load_address>
         <run_address>0x4ce4</run_address>
         <size>0x54</size>
         <input_file_ref idref="fl-5"/>
      </object_component>
      <object_component id="oc-169">
         <name>.text:Graphics_initContext</name>
         <load_address>0x4d38</load_address>
         <run_address>0x4d38</run_address>
         <size>0x52</size>
         <input_file_ref idref="fl-ec"/>
      </object_component>
      <object_component id="oc-453">
         <name>.text:_ecpy</name>
         <load_address>0x4d8a</load_address>
         <run_address>0x4d8a</run_address>
         <size>0x52</size>
         <input_file_ref idref="fl-ce"/>
      </object_component>
      <object_component id="oc-38b">
         <name>.text:atoi</name>
         <load_address>0x4ddc</load_address>
         <run_address>0x4ddc</run_address>
         <size>0x4c</size>
         <input_file_ref idref="fl-de"/>
      </object_component>
      <object_component id="oc-181">
         <name>.text:Graphics_drawStringCentered</name>
         <load_address>0x4e28</load_address>
         <run_address>0x4e28</run_address>
         <size>0x48</size>
         <input_file_ref idref="fl-f0"/>
      </object_component>
      <object_component id="oc-1fb">
         <name>.text:HOSTtime</name>
         <load_address>0x4e70</load_address>
         <run_address>0x4e70</run_address>
         <size>0x48</size>
         <input_file_ref idref="fl-e3"/>
      </object_component>
      <object_component id="oc-43e">
         <name>.text</name>
         <load_address>0x4eb8</load_address>
         <run_address>0x4eb8</run_address>
         <size>0x48</size>
         <input_file_ref idref="fl-d3"/>
      </object_component>
      <object_component id="oc-12d">
         <name>.text:__TI_auto_init_nobinit_nopinit:__TI_auto_init_nobinit_nopinit</name>
         <load_address>0x4f00</load_address>
         <run_address>0x4f00</run_address>
         <size>0x44</size>
         <input_file_ref idref="fl-d7"/>
      </object_component>
      <object_component id="oc-35b">
         <name>.text:GPIO_setAsOutputPin</name>
         <load_address>0x4f44</load_address>
         <run_address>0x4f44</run_address>
         <size>0x40</size>
         <input_file_ref idref="fl-f3"/>
      </object_component>
      <object_component id="oc-2c7">
         <name>.text:Graphics_getNumberOfLeadingZeros</name>
         <load_address>0x4f84</load_address>
         <run_address>0x4f84</run_address>
         <size>0x40</size>
         <input_file_ref idref="fl-f0"/>
      </object_component>
      <object_component id="oc-409">
         <name>.text:is_A_Module</name>
         <load_address>0x4fc4</load_address>
         <run_address>0x4fc4</run_address>
         <size>0x40</size>
         <input_file_ref idref="fl-f5"/>
      </object_component>
      <object_component id="oc-187">
         <name>.text:sprintf</name>
         <load_address>0x5004</load_address>
         <run_address>0x5004</run_address>
         <size>0x40</size>
         <input_file_ref idref="fl-c6"/>
      </object_component>
      <object_component id="oc-466">
         <name>.text:_fcpy</name>
         <load_address>0x5044</load_address>
         <run_address>0x5044</run_address>
         <size>0x3e</size>
         <input_file_ref idref="fl-ce"/>
      </object_component>
      <object_component id="oc-311">
         <name>.text:__TI_writemsg</name>
         <load_address>0x5084</load_address>
         <run_address>0x5084</run_address>
         <size>0x38</size>
         <input_file_ref idref="fl-e4"/>
      </object_component>
      <object_component id="oc-3db">
         <name>.text:Graphics_drawHorizontalLineOnDisplay</name>
         <load_address>0x50bc</load_address>
         <run_address>0x50bc</run_address>
         <size>0x36</size>
         <input_file_ref idref="fl-ed"/>
      </object_component>
      <object_component id="oc-317">
         <name>.text:__TI_readmsg</name>
         <load_address>0x50f4</load_address>
         <run_address>0x50f4</run_address>
         <size>0x34</size>
         <input_file_ref idref="fl-e4"/>
      </object_component>
      <object_component id="oc-55">
         <name>.text:_c_int00_noargs:_c_int00_noargs</name>
         <load_address>0x5128</load_address>
         <run_address>0x5128</run_address>
         <size>0x34</size>
         <input_file_ref idref="fl-cc"/>
      </object_component>
      <object_component id="oc-1d9">
         <name>.text:rand</name>
         <load_address>0x515c</load_address>
         <run_address>0x515c</run_address>
         <size>0x34</size>
         <input_file_ref idref="fl-cb"/>
      </object_component>
      <object_component id="oc-449">
         <name>.text</name>
         <load_address>0x5190</load_address>
         <run_address>0x5190</run_address>
         <size>0x2e</size>
         <input_file_ref idref="fl-d4"/>
      </object_component>
      <object_component id="oc-2b3">
         <name>.text:Graphics_drawPixelOnDisplay</name>
         <load_address>0x51be</load_address>
         <run_address>0x51be</run_address>
         <size>0x2c</size>
         <input_file_ref idref="fl-ed"/>
      </object_component>
      <object_component id="oc-f1">
         <name>.text:ADC14_getResult</name>
         <load_address>0x51ec</load_address>
         <run_address>0x51ec</run_address>
         <size>0x28</size>
         <input_file_ref idref="fl-f2"/>
      </object_component>
      <object_component id="oc-e5">
         <name>.text:GPIO_clearInterruptFlag</name>
         <load_address>0x5214</load_address>
         <run_address>0x5214</run_address>
         <size>0x28</size>
         <input_file_ref idref="fl-f3"/>
      </object_component>
      <object_component id="oc-275">
         <name>.text:GPIO_setOutputHighOnPin</name>
         <load_address>0x523c</load_address>
         <run_address>0x523c</run_address>
         <size>0x28</size>
         <input_file_ref idref="fl-f3"/>
      </object_component>
      <object_component id="oc-26f">
         <name>.text:GPIO_setOutputLowOnPin</name>
         <load_address>0x5264</load_address>
         <run_address>0x5264</run_address>
         <size>0x28</size>
         <input_file_ref idref="fl-f3"/>
      </object_component>
      <object_component id="oc-dc">
         <name>.text:srand</name>
         <load_address>0x528c</load_address>
         <run_address>0x528c</run_address>
         <size>0x24</size>
         <input_file_ref idref="fl-cb"/>
      </object_component>
      <object_component id="oc-2ba">
         <name>.text:Graphics_fillRectangleOnDisplay</name>
         <load_address>0x52b0</load_address>
         <run_address>0x52b0</run_address>
         <size>0x1e</size>
         <input_file_ref idref="fl-ed"/>
      </object_component>
      <object_component id="oc-367">
         <name>.text:SPI_enableModule</name>
         <load_address>0x52ce</load_address>
         <run_address>0x52ce</run_address>
         <size>0x1c</size>
         <input_file_ref idref="fl-f5"/>
      </object_component>
      <object_component id="oc-3b4">
         <name>.text:memccpy</name>
         <load_address>0x52ea</load_address>
         <run_address>0x52ea</run_address>
         <size>0x1c</size>
         <input_file_ref idref="fl-e0"/>
      </object_component>
      <object_component id="oc-1f3">
         <name>.text:Graphics_clearDisplayOnDisplay</name>
         <load_address>0x5306</load_address>
         <run_address>0x5306</run_address>
         <size>0x1a</size>
         <input_file_ref idref="fl-ed"/>
      </object_component>
      <object_component id="oc-175">
         <name>.text:Graphics_setBackgroundColor</name>
         <load_address>0x5320</load_address>
         <run_address>0x5320</run_address>
         <size>0x1a</size>
         <input_file_ref idref="fl-ec"/>
      </object_component>
      <object_component id="oc-17b">
         <name>.text:Graphics_setFont</name>
         <load_address>0x533a</load_address>
         <run_address>0x533a</run_address>
         <size>0x1a</size>
         <input_file_ref idref="fl-ec"/>
      </object_component>
      <object_component id="oc-4d3">
         <name>.text:copysign</name>
         <load_address>0x5354</load_address>
         <run_address>0x5354</run_address>
         <size>0x1a</size>
         <input_file_ref idref="fl-eb"/>
      </object_component>
      <object_component id="oc-2a0">
         <name>.text:_outs</name>
         <load_address>0x536e</load_address>
         <run_address>0x536e</run_address>
         <size>0x18</size>
         <input_file_ref idref="fl-c6"/>
      </object_component>
      <object_component id="oc-411">
         <name>.text:EUSCI_A_SPI_enable</name>
         <load_address>0x5386</load_address>
         <run_address>0x5386</run_address>
         <size>0x16</size>
         <input_file_ref idref="fl-f5"/>
      </object_component>
      <object_component id="oc-417">
         <name>.text:EUSCI_B_SPI_enable</name>
         <load_address>0x539c</load_address>
         <run_address>0x539c</run_address>
         <size>0x16</size>
         <input_file_ref idref="fl-f5"/>
      </object_component>
      <object_component id="oc-16f">
         <name>.text:Graphics_setForegroundColor</name>
         <load_address>0x53b2</load_address>
         <run_address>0x53b2</run_address>
         <size>0x16</size>
         <input_file_ref idref="fl-ec"/>
      </object_component>
      <object_component id="oc-289">
         <name>.text:Graphics_translateColorOnDisplay</name>
         <load_address>0x53c8</load_address>
         <run_address>0x53c8</run_address>
         <size>0x16</size>
         <input_file_ref idref="fl-ed"/>
      </object_component>
      <object_component id="oc-47a">
         <name>.text:strchr</name>
         <load_address>0x53de</load_address>
         <run_address>0x53de</run_address>
         <size>0x16</size>
         <input_file_ref idref="fl-e1"/>
      </object_component>
      <object_component id="oc-385">
         <name>.text:strlen</name>
         <load_address>0x53f4</load_address>
         <run_address>0x53f4</run_address>
         <size>0x14</size>
         <input_file_ref idref="fl-e2"/>
      </object_component>
      <object_component id="oc-d0">
         <name>.text:Graphics_clearDisplay</name>
         <load_address>0x5408</load_address>
         <run_address>0x5408</run_address>
         <size>0x12</size>
         <input_file_ref idref="fl-ec"/>
      </object_component>
      <object_component id="oc-3ba">
         <name>.text:wcslen</name>
         <load_address>0x541a</load_address>
         <run_address>0x541a</run_address>
         <size>0x12</size>
         <input_file_ref idref="fl-e6"/>
      </object_component>
      <object_component id="oc-1bb">
         <name>.text:ADCIsConversionRunning</name>
         <load_address>0x542c</load_address>
         <run_address>0x542c</run_address>
         <size>0x10</size>
         <input_file_ref idref="fl-f2"/>
      </object_component>
      <object_component id="oc-d6">
         <name>.text:__time32</name>
         <load_address>0x543c</load_address>
         <run_address>0x543c</run_address>
         <size>0xe</size>
         <input_file_ref idref="fl-cd"/>
      </object_component>
      <object_component id="oc-1d">
         <name>.text:decompress:none:__TI_decompress_none</name>
         <load_address>0x544a</load_address>
         <run_address>0x544a</run_address>
         <size>0xe</size>
         <input_file_ref idref="fl-c9"/>
      </object_component>
      <object_component id="oc-67">
         <name>.text</name>
         <load_address>0x5458</load_address>
         <run_address>0x5458</run_address>
         <size>0xe</size>
         <input_file_ref idref="fl-7"/>
      </object_component>
      <object_component id="oc-49">
         <name>.text:decompress:ZI:__TI_zero_init</name>
         <load_address>0x5466</load_address>
         <run_address>0x5466</run_address>
         <size>0xc</size>
         <input_file_ref idref="fl-c8"/>
      </object_component>
      <object_component id="oc-2a6">
         <name>.text:_outc</name>
         <load_address>0x5472</load_address>
         <run_address>0x5472</run_address>
         <size>0xa</size>
         <input_file_ref idref="fl-c6"/>
      </object_component>
      <object_component id="oc-3c0">
         <name>.text:__aeabi_errno_addr</name>
         <load_address>0x547c</load_address>
         <run_address>0x547c</run_address>
         <size>0x8</size>
         <input_file_ref idref="fl-e5"/>
      </object_component>
      <object_component id="oc-93">
         <name>.text:_system_pre_init</name>
         <load_address>0x5484</load_address>
         <run_address>0x5484</run_address>
         <size>0x4</size>
         <input_file_ref idref="fl-d8"/>
      </object_component>
      <object_component id="oc-121">
         <name>.text:abort:abort</name>
         <load_address>0x5488</load_address>
         <run_address>0x5488</run_address>
         <size>0x4</size>
         <input_file_ref idref="fl-da"/>
      </object_component>
      <object_component id="oc-2d8">
         <name>.const:.string:g_pucFontFixed6x8Data</name>
         <load_address>0x548c</load_address>
         <run_address>0x548c</run_address>
         <size>0x2f8</size>
         <input_file_ref idref="fl-ee"/>
      </object_component>
      <object_component id="oc-423">
         <name>.const:.string:_ctypes_</name>
         <load_address>0x5784</load_address>
         <run_address>0x5784</run_address>
         <size>0x101</size>
         <input_file_ref idref="fl-df"/>
      </object_component>
      <object_component id="oc-1a5">
         <name>.const:g_sFontFixed6x8</name>
         <load_address>0x5888</load_address>
         <run_address>0x5888</run_address>
         <size>0xc8</size>
         <input_file_ref idref="fl-ee"/>
      </object_component>
      <object_component id="oc-1c7">
         <name>.const:_ctlRegs</name>
         <load_address>0x5950</load_address>
         <run_address>0x5950</run_address>
         <size>0x80</size>
         <input_file_ref idref="fl-f2"/>
      </object_component>
      <object_component id="oc-1a8">
         <name>.const:.string:PLAYER_SPRITE</name>
         <load_address>0x59d0</load_address>
         <run_address>0x59d0</run_address>
         <size>0x30</size>
         <input_file_ref idref="fl-3"/>
      </object_component>
      <object_component id="oc-212">
         <name>.const:GPIO_PORT_TO_BASE</name>
         <load_address>0x5a00</load_address>
         <run_address>0x5a00</run_address>
         <size>0x30</size>
         <input_file_ref idref="fl-f3"/>
      </object_component>
      <object_component id="oc-1ab">
         <name>.const:.string:INVADER_SPRITE_TYPE0</name>
         <load_address>0x5a30</load_address>
         <run_address>0x5a30</run_address>
         <size>0x28</size>
         <input_file_ref idref="fl-3"/>
      </object_component>
      <object_component id="oc-1ae">
         <name>.const:.string:INVADER_SPRITE_TYPE1</name>
         <load_address>0x5a58</load_address>
         <run_address>0x5a58</run_address>
         <size>0x28</size>
         <input_file_ref idref="fl-3"/>
      </object_component>
      <object_component id="oc-1b1">
         <name>.const:.string:INVADER_SPRITE_TYPE2</name>
         <load_address>0x5a80</load_address>
         <run_address>0x5a80</run_address>
         <size>0x28</size>
         <input_file_ref idref="fl-3"/>
      </object_component>
      <object_component id="oc-1a2">
         <name>.const:g_sCrystalfontz128x128_funcs</name>
         <load_address>0x5aa8</load_address>
         <run_address>0x5aa8</run_address>
         <size>0x20</size>
         <input_file_ref idref="fl-9"/>
      </object_component>
      <object_component id="oc-36d">
         <name>.const:$P$T0$1</name>
         <load_address>0x5ac8</load_address>
         <run_address>0x5ac8</run_address>
         <size>0x1c</size>
         <input_file_ref idref="fl-a"/>
      </object_component>
      <object_component id="oc-e2">
         <name>.const:upConfig</name>
         <load_address>0x5ae4</load_address>
         <run_address>0x5ae4</run_address>
         <size>0x18</size>
         <input_file_ref idref="fl-4"/>
      </object_component>
      <object_component id="oc-284">
         <name>.const:$P$T0$1</name>
         <load_address>0x5afc</load_address>
         <run_address>0x5afc</run_address>
         <size>0x8</size>
         <input_file_ref idref="fl-9"/>
      </object_component>
      <object_component id="oc-531">
         <name>.cinit..data.load</name>
         <load_address>0x5b08</load_address>
         <run_address>0x5b08</run_address>
         <size>0x22</size>
      </object_component>
      <object_component id="oc-52f">
         <name>__TI_handler_table</name>
         <load_address>0x5b2c</load_address>
         <run_address>0x5b2c</run_address>
         <size>0xc</size>
      </object_component>
      <object_component id="oc-532">
         <name>.cinit..bss.load</name>
         <load_address>0x5b38</load_address>
         <run_address>0x5b38</run_address>
         <size>0x8</size>
      </object_component>
      <object_component id="oc-530">
         <name>__TI_cinit_table</name>
         <load_address>0x5b40</load_address>
         <run_address>0x5b40</run_address>
         <size>0x10</size>
      </object_component>
      <object_component id="oc-503">
         <name>.binit</name>
         <load_address>0x0</load_address>
         <run_address>0x0</run_address>
         <size>0x0</size>
      </object_component>
      <object_component id="oc-1e6">
         <name>.data</name>
         <load_address>0x200006dc</load_address>
         <run_address>0x200006dc</run_address>
         <size>0x2</size>
         <input_file_ref idref="fl-2"/>
      </object_component>
      <object_component id="oc-ee">
         <name>.data</name>
         <load_address>0x200006c8</load_address>
         <run_address>0x200006c8</run_address>
         <size>0x8</size>
         <input_file_ref idref="fl-4"/>
      </object_component>
      <object_component id="oc-15f">
         <name>.data</name>
         <load_address>0x200006d8</load_address>
         <run_address>0x200006d8</run_address>
         <size>0x4</size>
         <input_file_ref idref="fl-8"/>
      </object_component>
      <object_component id="oc-19f">
         <name>.data:g_sCrystalfontz128x128</name>
         <load_address>0x200006b0</load_address>
         <run_address>0x200006b0</run_address>
         <size>0x10</size>
         <input_file_ref idref="fl-9"/>
      </object_component>
      <object_component id="oc-20b">
         <name>.data</name>
         <load_address>0x200006d4</load_address>
         <run_address>0x200006d4</run_address>
         <size>0x4</size>
         <input_file_ref idref="fl-cb"/>
      </object_component>
      <object_component id="oc-208">
         <name>.data:$O1$$</name>
         <load_address>0x200006c0</load_address>
         <run_address>0x200006c0</run_address>
         <size>0x8</size>
         <input_file_ref idref="fl-db"/>
      </object_component>
      <object_component id="oc-48a">
         <name>.data</name>
         <load_address>0x200006d0</load_address>
         <run_address>0x200006d0</run_address>
         <size>0x4</size>
         <input_file_ref idref="fl-e5"/>
      </object_component>
      <object_component id="oc-fc">
         <name>.bss</name>
         <uninitialized>true</uninitialized>
         <run_address>0x2000069c</run_address>
         <size>0x2</size>
         <input_file_ref idref="fl-4"/>
      </object_component>
      <object_component id="oc-1ea">
         <name>.bss:projectiles</name>
         <uninitialized>true</uninitialized>
         <run_address>0x20000000</run_address>
         <size>0x300</size>
         <input_file_ref idref="fl-6"/>
      </object_component>
      <object_component id="oc-3e9">
         <name>.bss:_CIOBUF_</name>
         <uninitialized>true</uninitialized>
         <run_address>0x20000558</run_address>
         <size>0x120</size>
         <input_file_ref idref="fl-e4"/>
      </object_component>
      <object_component id="oc-1e5">
         <name>.common:enemies</name>
         <uninitialized>true</uninitialized>
         <run_address>0x20000300</run_address>
         <size>0x258</size>
      </object_component>
      <object_component id="oc-1e4">
         <name>.common:invaders_per_row</name>
         <uninitialized>true</uninitialized>
         <run_address>0x200006ac</run_address>
         <size>0x1</size>
      </object_component>
      <object_component id="oc-1df">
         <name>.common:num_rows</name>
         <uninitialized>true</uninitialized>
         <run_address>0x200006af</run_address>
         <size>0x1</size>
      </object_component>
      <object_component id="oc-eb">
         <name>.common:menu</name>
         <uninitialized>true</uninitialized>
         <run_address>0x200006ae</run_address>
         <size>0x1</size>
      </object_component>
      <object_component id="oc-f7">
         <name>.common:game</name>
         <uninitialized>true</uninitialized>
         <run_address>0x200006ab</run_address>
         <size>0x1</size>
      </object_component>
      <object_component id="oc-f8">
         <name>.common:count</name>
         <uninitialized>true</uninitialized>
         <run_address>0x200006aa</run_address>
         <size>0x1</size>
      </object_component>
      <object_component id="oc-fb">
         <name>.common:lives</name>
         <uninitialized>true</uninitialized>
         <run_address>0x200006ad</run_address>
         <size>0x1</size>
      </object_component>
      <object_component id="oc-fa">
         <name>.common:g_sContext</name>
         <uninitialized>true</uninitialized>
         <run_address>0x20000678</run_address>
         <size>0x1c</size>
      </object_component>
      <object_component id="oc-f9">
         <name>.common:player</name>
         <uninitialized>true</uninitialized>
         <run_address>0x200006a4</run_address>
         <size>0x2</size>
      </object_component>
      <object_component id="oc-283">
         <name>.common:Lcd_Orientation</name>
         <uninitialized>true</uninitialized>
         <run_address>0x200006a8</run_address>
         <size>0x1</size>
      </object_component>
      <object_component id="oc-27b">
         <name>.common:Lcd_ScreenWidth</name>
         <uninitialized>true</uninitialized>
         <run_address>0x200006a0</run_address>
         <size>0x2</size>
      </object_component>
      <object_component id="oc-27e">
         <name>.common:Lcd_ScreenHeigth</name>
         <uninitialized>true</uninitialized>
         <run_address>0x2000069e</run_address>
         <size>0x2</size>
      </object_component>
      <object_component id="oc-27f">
         <name>.common:Lcd_PenSolid</name>
         <uninitialized>true</uninitialized>
         <run_address>0x200006a9</run_address>
         <size>0x1</size>
      </object_component>
      <object_component id="oc-280">
         <name>.common:Lcd_FontSolid</name>
         <uninitialized>true</uninitialized>
         <run_address>0x200006a7</run_address>
         <size>0x1</size>
      </object_component>
      <object_component id="oc-281">
         <name>.common:Lcd_FlagRead</name>
         <uninitialized>true</uninitialized>
         <run_address>0x200006a6</run_address>
         <size>0x1</size>
      </object_component>
      <object_component id="oc-282">
         <name>.common:Lcd_TouchTrim</name>
         <uninitialized>true</uninitialized>
         <run_address>0x200006a2</run_address>
         <size>0x2</size>
      </object_component>
      <object_component id="oc-31d">
         <name>.common:parmbuf</name>
         <uninitialized>true</uninitialized>
         <run_address>0x20000694</run_address>
         <size>0x8</size>
      </object_component>
      <object_component id="oc-29">
         <name>.stack</name>
         <uninitialized>true</uninitialized>
         <run_address>0x2000fe00</run_address>
         <size>0x4</size>
         <input_file_ref idref="fl-cc"/>
      </object_component>
      <object_component id="oc-534">
         <name>.stack</name>
         <uninitialized>true</uninitialized>
         <run_address>0x2000fe00</run_address>
         <size>0x0</size>
      </object_component>
      <object_component id="oc-1e0">
         <name>.debug_info</name>
         <load_address>0x0</load_address>
         <run_address>0x0</run_address>
         <size>0x88f</size>
         <input_file_ref idref="fl-2"/>
      </object_component>
      <object_component id="oc-1e7">
         <name>.debug_info</name>
         <load_address>0x88f</load_address>
         <run_address>0x88f</run_address>
         <size>0xfe</size>
         <input_file_ref idref="fl-2"/>
      </object_component>
      <object_component id="oc-c5">
         <name>.debug_info</name>
         <load_address>0x98d</load_address>
         <run_address>0x98d</run_address>
         <size>0x523</size>
         <input_file_ref idref="fl-2"/>
      </object_component>
      <object_component id="oc-1ee">
         <name>.debug_info</name>
         <load_address>0xeb0</load_address>
         <run_address>0xeb0</run_address>
         <size>0xd7</size>
         <input_file_ref idref="fl-2"/>
      </object_component>
      <object_component id="oc-21d">
         <name>.debug_info</name>
         <load_address>0xf87</load_address>
         <run_address>0xf87</run_address>
         <size>0xae</size>
         <input_file_ref idref="fl-2"/>
      </object_component>
      <object_component id="oc-10c">
         <name>.debug_info</name>
         <load_address>0x1035</load_address>
         <run_address>0x1035</run_address>
         <size>0x26b</size>
         <input_file_ref idref="fl-2"/>
      </object_component>
      <object_component id="oc-227">
         <name>.debug_info</name>
         <load_address>0x12a0</load_address>
         <run_address>0x12a0</run_address>
         <size>0x1055</size>
         <input_file_ref idref="fl-2"/>
      </object_component>
      <object_component id="oc-222">
         <name>.debug_info</name>
         <load_address>0x22f5</load_address>
         <run_address>0x22f5</run_address>
         <size>0x37e2</size>
         <input_file_ref idref="fl-2"/>
      </object_component>
      <object_component id="oc-218">
         <name>.debug_info</name>
         <load_address>0x5ad7</load_address>
         <run_address>0x5ad7</run_address>
         <size>0x5e</size>
         <input_file_ref idref="fl-2"/>
      </object_component>
      <object_component id="oc-1b6">
         <name>.debug_info</name>
         <load_address>0x5b35</load_address>
         <run_address>0x5b35</run_address>
         <size>0x439</size>
         <input_file_ref idref="fl-2"/>
      </object_component>
      <object_component id="oc-22c">
         <name>.debug_info</name>
         <load_address>0x5f6e</load_address>
         <run_address>0x5f6e</run_address>
         <size>0x341</size>
         <input_file_ref idref="fl-2"/>
      </object_component>
      <object_component id="oc-32">
         <name>.debug_info</name>
         <load_address>0x62af</load_address>
         <run_address>0x62af</run_address>
         <size>0x84</size>
         <input_file_ref idref="fl-2"/>
      </object_component>
      <object_component id="oc-245">
         <name>.debug_info</name>
         <load_address>0x6333</load_address>
         <run_address>0x6333</run_address>
         <size>0x2a4</size>
         <input_file_ref idref="fl-2"/>
      </object_component>
      <object_component id="oc-23b">
         <name>.debug_info</name>
         <load_address>0x65d7</load_address>
         <run_address>0x65d7</run_address>
         <size>0xef</size>
         <input_file_ref idref="fl-2"/>
      </object_component>
      <object_component id="oc-105">
         <name>.debug_info</name>
         <load_address>0x66c6</load_address>
         <run_address>0x66c6</run_address>
         <size>0xbb</size>
         <input_file_ref idref="fl-2"/>
      </object_component>
      <object_component id="oc-371">
         <name>.debug_info</name>
         <load_address>0x6781</load_address>
         <run_address>0x6781</run_address>
         <size>0x131</size>
         <input_file_ref idref="fl-2"/>
      </object_component>
      <object_component id="oc-1b5">
         <name>.debug_info</name>
         <load_address>0x68b2</load_address>
         <run_address>0x68b2</run_address>
         <size>0xb98</size>
         <input_file_ref idref="fl-3"/>
      </object_component>
      <object_component id="oc-1a9">
         <name>.debug_info</name>
         <load_address>0x744a</load_address>
         <run_address>0x744a</run_address>
         <size>0xe3</size>
         <input_file_ref idref="fl-3"/>
      </object_component>
      <object_component id="oc-1ac">
         <name>.debug_info</name>
         <load_address>0x752d</load_address>
         <run_address>0x752d</run_address>
         <size>0xf1</size>
         <input_file_ref idref="fl-3"/>
      </object_component>
      <object_component id="oc-1af">
         <name>.debug_info</name>
         <load_address>0x761e</load_address>
         <run_address>0x761e</run_address>
         <size>0xf1</size>
         <input_file_ref idref="fl-3"/>
      </object_component>
      <object_component id="oc-1b2">
         <name>.debug_info</name>
         <load_address>0x770f</load_address>
         <run_address>0x770f</run_address>
         <size>0xf1</size>
         <input_file_ref idref="fl-3"/>
      </object_component>
      <object_component id="oc-ad">
         <name>.debug_info</name>
         <load_address>0x7800</load_address>
         <run_address>0x7800</run_address>
         <size>0xf68</size>
         <input_file_ref idref="fl-3"/>
      </object_component>
      <object_component id="oc-100">
         <name>.debug_info</name>
         <load_address>0x8768</load_address>
         <run_address>0x8768</run_address>
         <size>0x8b</size>
         <input_file_ref idref="fl-3"/>
      </object_component>
      <object_component id="oc-2ae">
         <name>.debug_info</name>
         <load_address>0x87f3</load_address>
         <run_address>0x87f3</run_address>
         <size>0x2c</size>
         <input_file_ref idref="fl-3"/>
      </object_component>
      <object_component id="oc-ec">
         <name>.debug_info</name>
         <load_address>0x881f</load_address>
         <run_address>0x881f</run_address>
         <size>0xdfb</size>
         <input_file_ref idref="fl-4"/>
      </object_component>
      <object_component id="oc-ef">
         <name>.debug_info</name>
         <load_address>0x961a</load_address>
         <run_address>0x961a</run_address>
         <size>0x13e</size>
         <input_file_ref idref="fl-4"/>
      </object_component>
      <object_component id="oc-fd">
         <name>.debug_info</name>
         <load_address>0x9758</load_address>
         <run_address>0x9758</run_address>
         <size>0xdf</size>
         <input_file_ref idref="fl-4"/>
      </object_component>
      <object_component id="oc-e3">
         <name>.debug_info</name>
         <load_address>0x9837</load_address>
         <run_address>0x9837</run_address>
         <size>0xd6</size>
         <input_file_ref idref="fl-4"/>
      </object_component>
      <object_component id="oc-6e">
         <name>.debug_info</name>
         <load_address>0x990d</load_address>
         <run_address>0x990d</run_address>
         <size>0x8be</size>
         <input_file_ref idref="fl-4"/>
      </object_component>
      <object_component id="oc-231">
         <name>.debug_info</name>
         <load_address>0xa1cb</load_address>
         <run_address>0xa1cb</run_address>
         <size>0x189</size>
         <input_file_ref idref="fl-4"/>
      </object_component>
      <object_component id="oc-236">
         <name>.debug_info</name>
         <load_address>0xa354</load_address>
         <run_address>0xa354</run_address>
         <size>0x35</size>
         <input_file_ref idref="fl-4"/>
      </object_component>
      <object_component id="oc-1d8">
         <name>.debug_info</name>
         <load_address>0xa389</load_address>
         <run_address>0xa389</run_address>
         <size>0x71b</size>
         <input_file_ref idref="fl-5"/>
      </object_component>
      <object_component id="oc-c0">
         <name>.debug_info</name>
         <load_address>0xaaa4</load_address>
         <run_address>0xaaa4</run_address>
         <size>0x1d0</size>
         <input_file_ref idref="fl-5"/>
      </object_component>
      <object_component id="oc-1e2">
         <name>.debug_info</name>
         <load_address>0xac74</load_address>
         <run_address>0xac74</run_address>
         <size>0x916</size>
         <input_file_ref idref="fl-6"/>
      </object_component>
      <object_component id="oc-1eb">
         <name>.debug_info</name>
         <load_address>0xb58a</load_address>
         <run_address>0xb58a</run_address>
         <size>0xe1</size>
         <input_file_ref idref="fl-6"/>
      </object_component>
      <object_component id="oc-cc">
         <name>.debug_info</name>
         <load_address>0xb66b</load_address>
         <run_address>0xb66b</run_address>
         <size>0x737</size>
         <input_file_ref idref="fl-6"/>
      </object_component>
      <object_component id="oc-75">
         <name>.debug_info</name>
         <load_address>0xbda2</load_address>
         <run_address>0xbda2</run_address>
         <size>0x2cd</size>
         <input_file_ref idref="fl-7"/>
      </object_component>
      <object_component id="oc-27">
         <name>.debug_info</name>
         <load_address>0xc06f</load_address>
         <run_address>0xc06f</run_address>
         <size>0xf9</size>
         <input_file_ref idref="fl-7"/>
      </object_component>
      <object_component id="oc-68">
         <name>.debug_info</name>
         <load_address>0xc168</load_address>
         <run_address>0xc168</run_address>
         <size>0x1c0</size>
         <input_file_ref idref="fl-7"/>
      </object_component>
      <object_component id="oc-160">
         <name>.debug_info</name>
         <load_address>0xc328</load_address>
         <run_address>0xc328</run_address>
         <size>0xf2</size>
         <input_file_ref idref="fl-8"/>
      </object_component>
      <object_component id="oc-a6">
         <name>.debug_info</name>
         <load_address>0xc41a</load_address>
         <run_address>0xc41a</run_address>
         <size>0x264</size>
         <input_file_ref idref="fl-8"/>
      </object_component>
      <object_component id="oc-27c">
         <name>.debug_info</name>
         <load_address>0xc67e</load_address>
         <run_address>0xc67e</run_address>
         <size>0x92f</size>
         <input_file_ref idref="fl-9"/>
      </object_component>
      <object_component id="oc-1a0">
         <name>.debug_info</name>
         <load_address>0xcfad</load_address>
         <run_address>0xcfad</run_address>
         <size>0x113</size>
         <input_file_ref idref="fl-9"/>
      </object_component>
      <object_component id="oc-1a3">
         <name>.debug_info</name>
         <load_address>0xd0c0</load_address>
         <run_address>0xd0c0</run_address>
         <size>0x11f</size>
         <input_file_ref idref="fl-9"/>
      </object_component>
      <object_component id="oc-285">
         <name>.debug_info</name>
         <load_address>0xd1df</load_address>
         <run_address>0xd1df</run_address>
         <size>0xf4</size>
         <input_file_ref idref="fl-9"/>
      </object_component>
      <object_component id="oc-164">
         <name>.debug_info</name>
         <load_address>0xd2d3</load_address>
         <run_address>0xd2d3</run_address>
         <size>0x1522</size>
         <input_file_ref idref="fl-9"/>
      </object_component>
      <object_component id="oc-37a">
         <name>.debug_info</name>
         <load_address>0xe7f5</load_address>
         <run_address>0xe7f5</run_address>
         <size>0x37e2</size>
         <input_file_ref idref="fl-9"/>
      </object_component>
      <object_component id="oc-420">
         <name>.debug_info</name>
         <load_address>0x11fd7</load_address>
         <run_address>0x11fd7</run_address>
         <size>0x875</size>
         <input_file_ref idref="fl-a"/>
      </object_component>
      <object_component id="oc-36e">
         <name>.debug_info</name>
         <load_address>0x1284c</load_address>
         <run_address>0x1284c</run_address>
         <size>0x107</size>
         <input_file_ref idref="fl-a"/>
      </object_component>
      <object_component id="oc-26b">
         <name>.debug_info</name>
         <load_address>0x12953</load_address>
         <run_address>0x12953</run_address>
         <size>0x5a1</size>
         <input_file_ref idref="fl-a"/>
      </object_component>
      <object_component id="oc-2ad">
         <name>.debug_info</name>
         <load_address>0x12ef4</load_address>
         <run_address>0x12ef4</run_address>
         <size>0x333</size>
         <input_file_ref idref="fl-c6"/>
      </object_component>
      <object_component id="oc-189">
         <name>.debug_info</name>
         <load_address>0x13227</load_address>
         <run_address>0x13227</run_address>
         <size>0x1d1</size>
         <input_file_ref idref="fl-c6"/>
      </object_component>
      <object_component id="oc-2a1">
         <name>.debug_info</name>
         <load_address>0x133f8</load_address>
         <run_address>0x133f8</run_address>
         <size>0x18d</size>
         <input_file_ref idref="fl-c6"/>
      </object_component>
      <object_component id="oc-2aa">
         <name>.debug_info</name>
         <load_address>0x13585</load_address>
         <run_address>0x13585</run_address>
         <size>0x16d</size>
         <input_file_ref idref="fl-c6"/>
      </object_component>
      <object_component id="oc-491">
         <name>.debug_info</name>
         <load_address>0x136f2</load_address>
         <run_address>0x136f2</run_address>
         <size>0x2c</size>
         <input_file_ref idref="fl-c6"/>
      </object_component>
      <object_component id="oc-38">
         <name>.debug_info</name>
         <load_address>0x1371e</load_address>
         <run_address>0x1371e</run_address>
         <size>0x119</size>
         <input_file_ref idref="fl-c7"/>
      </object_component>
      <object_component id="oc-8c">
         <name>.debug_info</name>
         <load_address>0x13837</load_address>
         <run_address>0x13837</run_address>
         <size>0x2d4</size>
         <input_file_ref idref="fl-c8"/>
      </object_component>
      <object_component id="oc-4a">
         <name>.debug_info</name>
         <load_address>0x13b0b</load_address>
         <run_address>0x13b0b</run_address>
         <size>0x1b5</size>
         <input_file_ref idref="fl-c8"/>
      </object_component>
      <object_component id="oc-87">
         <name>.debug_info</name>
         <load_address>0x13cc0</load_address>
         <run_address>0x13cc0</run_address>
         <size>0x46</size>
         <input_file_ref idref="fl-c8"/>
      </object_component>
      <object_component id="oc-118">
         <name>.debug_info</name>
         <load_address>0x13d06</load_address>
         <run_address>0x13d06</run_address>
         <size>0x2c</size>
         <input_file_ref idref="fl-c8"/>
      </object_component>
      <object_component id="oc-42">
         <name>.debug_info</name>
         <load_address>0x13d32</load_address>
         <run_address>0x13d32</run_address>
         <size>0x2a8</size>
         <input_file_ref idref="fl-c9"/>
      </object_component>
      <object_component id="oc-1e">
         <name>.debug_info</name>
         <load_address>0x13fda</load_address>
         <run_address>0x13fda</run_address>
         <size>0x1ea</size>
         <input_file_ref idref="fl-c9"/>
      </object_component>
      <object_component id="oc-3d">
         <name>.debug_info</name>
         <load_address>0x141c4</load_address>
         <run_address>0x141c4</run_address>
         <size>0x46</size>
         <input_file_ref idref="fl-c9"/>
      </object_component>
      <object_component id="oc-7f">
         <name>.debug_info</name>
         <load_address>0x1420a</load_address>
         <run_address>0x1420a</run_address>
         <size>0x2c</size>
         <input_file_ref idref="fl-c9"/>
      </object_component>
      <object_component id="oc-7d">
         <name>.debug_info</name>
         <load_address>0x14236</load_address>
         <run_address>0x14236</run_address>
         <size>0x29e</size>
         <input_file_ref idref="fl-ca"/>
      </object_component>
      <object_component id="oc-1b">
         <name>.debug_info</name>
         <load_address>0x144d4</load_address>
         <run_address>0x144d4</run_address>
         <size>0x250</size>
         <input_file_ref idref="fl-ca"/>
      </object_component>
      <object_component id="oc-2d">
         <name>.debug_info</name>
         <load_address>0x14724</load_address>
         <run_address>0x14724</run_address>
         <size>0x60</size>
         <input_file_ref idref="fl-ca"/>
      </object_component>
      <object_component id="oc-111">
         <name>.debug_info</name>
         <load_address>0x14784</load_address>
         <run_address>0x14784</run_address>
         <size>0x46</size>
         <input_file_ref idref="fl-ca"/>
      </object_component>
      <object_component id="oc-78">
         <name>.debug_info</name>
         <load_address>0x147ca</load_address>
         <run_address>0x147ca</run_address>
         <size>0x39</size>
         <input_file_ref idref="fl-ca"/>
      </object_component>
      <object_component id="oc-20f">
         <name>.debug_info</name>
         <load_address>0x14803</load_address>
         <run_address>0x14803</run_address>
         <size>0x2ba</size>
         <input_file_ref idref="fl-cb"/>
      </object_component>
      <object_component id="oc-20c">
         <name>.debug_info</name>
         <load_address>0x14abd</load_address>
         <run_address>0x14abd</run_address>
         <size>0xfb</size>
         <input_file_ref idref="fl-cb"/>
      </object_component>
      <object_component id="oc-e0">
         <name>.debug_info</name>
         <load_address>0x14bb8</load_address>
         <run_address>0x14bb8</run_address>
         <size>0x15d</size>
         <input_file_ref idref="fl-cb"/>
      </object_component>
      <object_component id="oc-1dd">
         <name>.debug_info</name>
         <load_address>0x14d15</load_address>
         <run_address>0x14d15</run_address>
         <size>0x13d</size>
         <input_file_ref idref="fl-cb"/>
      </object_component>
      <object_component id="oc-2a">
         <name>.debug_info</name>
         <load_address>0x14e52</load_address>
         <run_address>0x14e52</run_address>
         <size>0x10b</size>
         <input_file_ref idref="fl-cc"/>
      </object_component>
      <object_component id="oc-57">
         <name>.debug_info</name>
         <load_address>0x14f5d</load_address>
         <run_address>0x14f5d</run_address>
         <size>0x1a9</size>
         <input_file_ref idref="fl-cc"/>
      </object_component>
      <object_component id="oc-207">
         <name>.debug_info</name>
         <load_address>0x15106</load_address>
         <run_address>0x15106</run_address>
         <size>0x2a4</size>
         <input_file_ref idref="fl-cd"/>
      </object_component>
      <object_component id="oc-d7">
         <name>.debug_info</name>
         <load_address>0x153aa</load_address>
         <run_address>0x153aa</run_address>
         <size>0x181</size>
         <input_file_ref idref="fl-cd"/>
      </object_component>
      <object_component id="oc-326">
         <name>.debug_info</name>
         <load_address>0x1552b</load_address>
         <run_address>0x1552b</run_address>
         <size>0x39</size>
         <input_file_ref idref="fl-cd"/>
      </object_component>
      <object_component id="oc-202">
         <name>.debug_info</name>
         <load_address>0x15564</load_address>
         <run_address>0x15564</run_address>
         <size>0x39</size>
         <input_file_ref idref="fl-cd"/>
      </object_component>
      <object_component id="oc-3c7">
         <name>.debug_info</name>
         <load_address>0x1559d</load_address>
         <run_address>0x1559d</run_address>
         <size>0x590</size>
         <input_file_ref idref="fl-ce"/>
      </object_component>
      <object_component id="oc-393">
         <name>.debug_info</name>
         <load_address>0x15b2d</load_address>
         <run_address>0x15b2d</run_address>
         <size>0x21e</size>
         <input_file_ref idref="fl-ce"/>
      </object_component>
      <object_component id="oc-455">
         <name>.debug_info</name>
         <load_address>0x15d4b</load_address>
         <run_address>0x15d4b</run_address>
         <size>0x1b3</size>
         <input_file_ref idref="fl-ce"/>
      </object_component>
      <object_component id="oc-45b">
         <name>.debug_info</name>
         <load_address>0x15efe</load_address>
         <run_address>0x15efe</run_address>
         <size>0x21b</size>
         <input_file_ref idref="fl-ce"/>
      </object_component>
      <object_component id="oc-39e">
         <name>.debug_info</name>
         <load_address>0x16119</load_address>
         <run_address>0x16119</run_address>
         <size>0x3c0</size>
         <input_file_ref idref="fl-ce"/>
      </object_component>
      <object_component id="oc-462">
         <name>.debug_info</name>
         <load_address>0x164d9</load_address>
         <run_address>0x164d9</run_address>
         <size>0x30a</size>
         <input_file_ref idref="fl-ce"/>
      </object_component>
      <object_component id="oc-468">
         <name>.debug_info</name>
         <load_address>0x167e3</load_address>
         <run_address>0x167e3</run_address>
         <size>0x215</size>
         <input_file_ref idref="fl-ce"/>
      </object_component>
      <object_component id="oc-3a4">
         <name>.debug_info</name>
         <load_address>0x169f8</load_address>
         <run_address>0x169f8</run_address>
         <size>0x215</size>
         <input_file_ref idref="fl-ce"/>
      </object_component>
      <object_component id="oc-3aa">
         <name>.debug_info</name>
         <load_address>0x16c0d</load_address>
         <run_address>0x16c0d</run_address>
         <size>0x304</size>
         <input_file_ref idref="fl-ce"/>
      </object_component>
      <object_component id="oc-3b1">
         <name>.debug_info</name>
         <load_address>0x16f11</load_address>
         <run_address>0x16f11</run_address>
         <size>0x4b5</size>
         <input_file_ref idref="fl-ce"/>
      </object_component>
      <object_component id="oc-29d">
         <name>.debug_info</name>
         <load_address>0x173c6</load_address>
         <run_address>0x173c6</run_address>
         <size>0x5f4</size>
         <input_file_ref idref="fl-ce"/>
      </object_component>
      <object_component id="oc-3c8">
         <name>.debug_info</name>
         <load_address>0x179ba</load_address>
         <run_address>0x179ba</run_address>
         <size>0x86</size>
         <input_file_ref idref="fl-ce"/>
      </object_component>
      <object_component id="oc-496">
         <name>.debug_info</name>
         <load_address>0x17a40</load_address>
         <run_address>0x17a40</run_address>
         <size>0x39</size>
         <input_file_ref idref="fl-ce"/>
      </object_component>
      <object_component id="oc-4ea">
         <name>.debug_info</name>
         <load_address>0x17a79</load_address>
         <run_address>0x17a79</run_address>
         <size>0xb6</size>
         <input_file_ref idref="fl-ce"/>
      </object_component>
      <object_component id="oc-49b">
         <name>.debug_info</name>
         <load_address>0x17b2f</load_address>
         <run_address>0x17b2f</run_address>
         <size>0x46</size>
         <input_file_ref idref="fl-ce"/>
      </object_component>
      <object_component id="oc-3cd">
         <name>.debug_info</name>
         <load_address>0x17b75</load_address>
         <run_address>0x17b75</run_address>
         <size>0x46</size>
         <input_file_ref idref="fl-ce"/>
      </object_component>
      <object_component id="oc-44f">
         <name>.debug_info</name>
         <load_address>0x17bbb</load_address>
         <run_address>0x17bbb</run_address>
         <size>0x14c</size>
         <input_file_ref idref="fl-cf"/>
      </object_component>
      <object_component id="oc-39a">
         <name>.debug_info</name>
         <load_address>0x17d07</load_address>
         <run_address>0x17d07</run_address>
         <size>0x128</size>
         <input_file_ref idref="fl-d0"/>
      </object_component>
      <object_component id="oc-43a">
         <name>.debug_info</name>
         <load_address>0x17e2f</load_address>
         <run_address>0x17e2f</run_address>
         <size>0x12a</size>
         <input_file_ref idref="fl-d0"/>
      </object_component>
      <object_component id="oc-435">
         <name>.debug_info</name>
         <load_address>0x17f59</load_address>
         <run_address>0x17f59</run_address>
         <size>0x13a</size>
         <input_file_ref idref="fl-d1"/>
      </object_component>
      <object_component id="oc-430">
         <name>.debug_info</name>
         <load_address>0x18093</load_address>
         <run_address>0x18093</run_address>
         <size>0x13a</size>
         <input_file_ref idref="fl-d2"/>
      </object_component>
      <object_component id="oc-43f">
         <name>.debug_info</name>
         <load_address>0x181cd</load_address>
         <run_address>0x181cd</run_address>
         <size>0x12e</size>
         <input_file_ref idref="fl-d3"/>
      </object_component>
      <object_component id="oc-44b">
         <name>.debug_info</name>
         <load_address>0x182fb</load_address>
         <run_address>0x182fb</run_address>
         <size>0x12c</size>
         <input_file_ref idref="fl-d4"/>
      </object_component>
      <object_component id="oc-8e">
         <name>.debug_info</name>
         <load_address>0x18427</load_address>
         <run_address>0x18427</run_address>
         <size>0x147</size>
         <input_file_ref idref="fl-d5"/>
      </object_component>
      <object_component id="oc-42a">
         <name>.debug_info</name>
         <load_address>0x1856e</load_address>
         <run_address>0x1856e</run_address>
         <size>0x134</size>
         <input_file_ref idref="fl-d6"/>
      </object_component>
      <object_component id="oc-252">
         <name>.debug_info</name>
         <load_address>0x186a2</load_address>
         <run_address>0x186a2</run_address>
         <size>0x4b3</size>
         <input_file_ref idref="fl-d7"/>
      </object_component>
      <object_component id="oc-130">
         <name>.debug_info</name>
         <load_address>0x18b55</load_address>
         <run_address>0x18b55</run_address>
         <size>0x1a6</size>
         <input_file_ref idref="fl-d7"/>
      </object_component>
      <object_component id="oc-344">
         <name>.debug_info</name>
         <load_address>0x18cfb</load_address>
         <run_address>0x18cfb</run_address>
         <size>0x39</size>
         <input_file_ref idref="fl-d7"/>
      </object_component>
      <object_component id="oc-3fb">
         <name>.debug_info</name>
         <load_address>0x18d34</load_address>
         <run_address>0x18d34</run_address>
         <size>0x39</size>
         <input_file_ref idref="fl-d7"/>
      </object_component>
      <object_component id="oc-349">
         <name>.debug_info</name>
         <load_address>0x18d6d</load_address>
         <run_address>0x18d6d</run_address>
         <size>0x39</size>
         <input_file_ref idref="fl-d7"/>
      </object_component>
      <object_component id="oc-34e">
         <name>.debug_info</name>
         <load_address>0x18da6</load_address>
         <run_address>0x18da6</run_address>
         <size>0xcd</size>
         <input_file_ref idref="fl-d7"/>
      </object_component>
      <object_component id="oc-96">
         <name>.debug_info</name>
         <load_address>0x18e73</load_address>
         <run_address>0x18e73</run_address>
         <size>0x153</size>
         <input_file_ref idref="fl-d8"/>
      </object_component>
      <object_component id="oc-124">
         <name>.debug_info</name>
         <load_address>0x18fc6</load_address>
         <run_address>0x18fc6</run_address>
         <size>0x122</size>
         <input_file_ref idref="fl-da"/>
      </object_component>
      <object_component id="oc-335">
         <name>.debug_info</name>
         <load_address>0x190e8</load_address>
         <run_address>0x190e8</run_address>
         <size>0x2c9</size>
         <input_file_ref idref="fl-db"/>
      </object_component>
      <object_component id="oc-209">
         <name>.debug_info</name>
         <load_address>0x193b1</load_address>
         <run_address>0x193b1</run_address>
         <size>0x11e</size>
         <input_file_ref idref="fl-db"/>
      </object_component>
      <object_component id="oc-330">
         <name>.debug_info</name>
         <load_address>0x194cf</load_address>
         <run_address>0x194cf</run_address>
         <size>0x12e</size>
         <input_file_ref idref="fl-db"/>
      </object_component>
      <object_component id="oc-4c5">
         <name>.debug_info</name>
         <load_address>0x195fd</load_address>
         <run_address>0x195fd</run_address>
         <size>0x29c</size>
         <input_file_ref idref="fl-dc"/>
      </object_component>
      <object_component id="oc-444">
         <name>.debug_info</name>
         <load_address>0x19899</load_address>
         <run_address>0x19899</run_address>
         <size>0x1da</size>
         <input_file_ref idref="fl-dc"/>
      </object_component>
      <object_component id="oc-427">
         <name>.debug_info</name>
         <load_address>0x19a73</load_address>
         <run_address>0x19a73</run_address>
[...]
         <object_component_ref idref="oc-49"/>
      </symbol>
      <symbol id="sm-3a7">
         <name>__TI_decompress_none</name>
         <value>0x544b</value>
         <object_component_ref idref="oc-1d"/>
      </symbol>
      <symbol id="sm-3ca">
         <name>__TI_decompress_lzss</name>
         <value>0x4b15</value>
         <object_component_ref idref="oc-17"/>
      </symbol>
      <symbol id="sm-3ef">
         <name>rand</name>
         <value>0x515d</value>
         <object_component_ref idref="oc-1d9"/>
      </symbol>
      <symbol id="sm-3f0">
         <name>srand</name>
         <value>0x528d</value>
         <object_component_ref idref="oc-dc"/>
      </symbol>
      <symbol id="sm-403">
         <name>__stack</name>
         <value>0x2000fe00</value>
         <object_component_ref idref="oc-29"/>
      </symbol>
      <symbol id="sm-404">
         <name>_c_int00_noargs</name>
         <value>0x5129</value>
         <object_component_ref idref="oc-55"/>
      </symbol>
      <symbol id="sm-41c">
         <name>__time32</name>
         <value>0x543d</value>
         <object_component_ref idref="oc-d6"/>
      </symbol>
      <symbol id="sm-41d">
         <name>time</name>
         <value>0x543d</value>
         <object_component_ref idref="oc-d6"/>
      </symbol>
      <symbol id="sm-582">
         <name>__TI_printfi</name>
         <value>0xe5</value>
         <object_component_ref idref="oc-29a"/>
      </symbol>
      <symbol id="sm-599">
         <name>__aeabi_dsub</name>
         <value>0x3869</value>
         <object_component_ref idref="oc-44e"/>
      </symbol>
      <symbol id="sm-59a">
         <name>__aeabi_dadd</name>
         <value>0x3873</value>
         <object_component_ref idref="oc-44e"/>
      </symbol>
      <symbol id="sm-5bc">
         <name>__aeabi_cdcmpeq</name>
         <value>0x4921</value>
         <object_component_ref idref="oc-397"/>
      </symbol>
      <symbol id="sm-5bd">
         <name>__aeabi_cdcmple</name>
         <value>0x4921</value>
         <object_component_ref idref="oc-397"/>
      </symbol>
      <symbol id="sm-5be">
         <name>__aeabi_cdrcmple</name>
         <value>0x49a7</value>
         <object_component_ref idref="oc-439"/>
      </symbol>
      <symbol id="sm-5d2">
         <name>__aeabi_ddiv</name>
         <value>0x3cbd</value>
         <object_component_ref idref="oc-434"/>
      </symbol>
      <symbol id="sm-5dd">
         <name>__aeabi_dmul</name>
         <value>0x413d</value>
         <object_component_ref idref="oc-42f"/>
      </symbol>
      <symbol id="sm-5e7">
         <name>__aeabi_d2iz</name>
         <value>0x4eb9</value>
         <object_component_ref idref="oc-43e"/>
      </symbol>
      <symbol id="sm-5f1">
         <name>__aeabi_i2d</name>
         <value>0x5191</value>
         <object_component_ref idref="oc-449"/>
      </symbol>
      <symbol id="sm-600">
         <name>__aeabi_memset</name>
         <value>0x4a2f</value>
         <object_component_ref idref="oc-8d"/>
      </symbol>
      <symbol id="sm-601">
         <name>memset</name>
         <value>0x4a35</value>
         <object_component_ref idref="oc-8d"/>
      </symbol>
      <symbol id="sm-602">
         <name>__aeabi_memset8</name>
         <value>0x4a2f</value>
         <object_component_ref idref="oc-8d"/>
      </symbol>
      <symbol id="sm-603">
         <name>__aeabi_memset4</name>
         <value>0x4a2f</value>
         <object_component_ref idref="oc-8d"/>
      </symbol>
      <symbol id="sm-604">
         <name>__aeabi_memclr8</name>
         <value>0x4a2d</value>
         <object_component_ref idref="oc-8d"/>
      </symbol>
      <symbol id="sm-605">
         <name>__aeabi_memclr4</name>
         <value>0x4a2d</value>
         <object_component_ref idref="oc-8d"/>
      </symbol>
      <symbol id="sm-606">
         <name>__aeabi_memclr</name>
         <value>0x4a2d</value>
         <object_component_ref idref="oc-8d"/>
      </symbol>
      <symbol id="sm-613">
         <name>__aeabi_uldivmod</name>
         <value>0x4803</value>
         <object_component_ref idref="oc-428"/>
      </symbol>
      <symbol id="sm-63b">
         <name>__TI_auto_init_nobinit_nopinit</name>
         <value>0x4f01</value>
         <object_component_ref idref="oc-12d"/>
      </symbol>
      <symbol id="sm-645">
         <name>_system_pre_init</name>
         <value>0x5485</value>
         <object_component_ref idref="oc-93"/>
      </symbol>
      <symbol id="sm-651">
         <name>C$$EXIT</name>
         <value>0x5489</value>
         <object_component_ref idref="oc-121"/>
      </symbol>
      <symbol id="sm-652">
         <name>abort</name>
         <value>0x5489</value>
         <object_component_ref idref="oc-121"/>
      </symbol>
      <symbol id="sm-667">
         <name>_nop</name>
         <value>0xb33</value>
         <object_component_ref idref="oc-32d"/>
      </symbol>
      <symbol id="sm-668">
         <name>_lock</name>
         <value>0x200006c0</value>
         <object_component_ref idref="oc-208"/>
      </symbol>
      <symbol id="sm-669">
         <name>_unlock</name>
         <value>0x200006c4</value>
         <object_component_ref idref="oc-208"/>
      </symbol>
      <symbol id="sm-678">
         <name>__TI_ltoa</name>
         <value>0x4c91</value>
         <object_component_ref idref="oc-443"/>
      </symbol>
      <symbol id="sm-68f">
         <name>atoi</name>
         <value>0x4ddd</value>
         <object_component_ref idref="oc-38b"/>
      </symbol>
      <symbol id="sm-69a">
         <name>_ctypes_</name>
         <value>0x5784</value>
         <object_component_ref idref="oc-423"/>
      </symbol>
      <symbol id="sm-6aa">
         <name>memccpy</name>
         <value>0x52eb</value>
         <object_component_ref idref="oc-3b4"/>
      </symbol>
      <symbol id="sm-6ba">
         <name>strchr</name>
         <value>0x53df</value>
         <object_component_ref idref="oc-47a"/>
      </symbol>
      <symbol id="sm-6c8">
         <name>strlen</name>
         <value>0x53f5</value>
         <object_component_ref idref="oc-385"/>
      </symbol>
      <symbol id="sm-6e0">
         <name>HOSTtime</name>
         <value>0x4e71</value>
         <object_component_ref idref="oc-1fb"/>
      </symbol>
      <symbol id="sm-704">
         <name>__TI_readmsg</name>
         <value>0x50f5</value>
         <object_component_ref idref="oc-317"/>
      </symbol>
      <symbol id="sm-705">
         <name>C$$IO$$</name>
         <value>0x50b3</value>
         <object_component_ref idref="oc-311"/>
      </symbol>
      <symbol id="sm-706">
         <name>__CIOBUF_</name>
         <value>0x20000558</value>
         <object_component_ref idref="oc-3e9"/>
      </symbol>
      <symbol id="sm-707">
         <name>__TI_writemsg</name>
         <value>0x5085</value>
         <object_component_ref idref="oc-311"/>
      </symbol>
      <symbol id="sm-71d">
         <name>__aeabi_errno_addr</name>
         <value>0x547d</value>
         <object_component_ref idref="oc-3c0"/>
      </symbol>
      <symbol id="sm-71e">
         <name>errno</name>
         <value>0x200006d0</value>
         <object_component_ref idref="oc-48a"/>
      </symbol>
      <symbol id="sm-737">
         <name>wcslen</name>
         <value>0x541b</value>
         <object_component_ref idref="oc-3ba"/>
      </symbol>
      <symbol id="sm-757">
         <name>frexpl</name>
         <value>0x4b7d</value>
         <object_component_ref idref="oc-46e"/>
      </symbol>
      <symbol id="sm-758">
         <name>frexp</name>
         <value>0x4b7d</value>
         <object_component_ref idref="oc-46e"/>
      </symbol>
      <symbol id="sm-775">
         <name>scalbn</name>
         <value>0x402d</value>
         <object_component_ref idref="oc-474"/>
      </symbol>
      <symbol id="sm-776">
         <name>scalbnl</name>
         <value>0x402d</value>
         <object_component_ref idref="oc-474"/>
      </symbol>
      <symbol id="sm-777">
         <name>ldexpl</name>
         <value>0x402d</value>
         <object_component_ref idref="oc-474"/>
      </symbol>
      <symbol id="sm-778">
         <name>ldexp</name>
         <value>0x402d</value>
         <object_component_ref idref="oc-474"/>
      </symbol>
      <symbol id="sm-782">
         <name>__aeabi_idiv0</name>
         <value>0x30f3</value>
         <object_component_ref idref="oc-4ba"/>
      </symbol>
      <symbol id="sm-783">
         <name>__aeabi_ldiv0</name>
         <value>0x30f3</value>
         <object_component_ref idref="oc-4ba"/>
      </symbol>
      <symbol id="sm-789">
         <name>parmbuf</name>
         <value>0x20000694</value>
      </symbol>
      <symbol id="sm-793">
         <name>copysign</name>
         <value>0x5355</value>
         <object_component_ref idref="oc-4d3"/>
      </symbol>
      <symbol id="sm-794">
         <name>copysignl</name>
         <value>0x5355</value>
         <object_component_ref idref="oc-4d3"/>
      </symbol>
      <symbol id="sm-7e3">
         <name>Graphics_setBackgroundColor</name>
         <value>0x5321</value>
         <object_component_ref idref="oc-175"/>
      </symbol>
      <symbol id="sm-7e4">
         <name>Graphics_setFont</name>
         <value>0x533b</value>
         <object_component_ref idref="oc-17b"/>
      </symbol>
      <symbol id="sm-7e5">
         <name>Graphics_initContext</name>
         <value>0x4d39</value>
         <object_component_ref idref="oc-169"/>
      </symbol>
      <symbol id="sm-7e6">
         <name>Graphics_drawPixel</name>
         <value>0x4be1</value>
         <object_component_ref idref="oc-18d"/>
      </symbol>
      <symbol id="sm-7e7">
         <name>Graphics_setForegroundColor</name>
         <value>0x53b3</value>
         <object_component_ref idref="oc-16f"/>
      </symbol>
      <symbol id="sm-7e8">
         <name>Graphics_clearDisplay</name>
         <value>0x5409</value>
         <object_component_ref idref="oc-d0"/>
      </symbol>
      <symbol id="sm-815">
         <name>Graphics_clearDisplayOnDisplay</name>
         <value>0x5307</value>
         <object_component_ref idref="oc-1f3"/>
      </symbol>
      <symbol id="sm-816">
         <name>Graphics_drawPixelOnDisplay</name>
         <value>0x51bf</value>
         <object_component_ref idref="oc-2b3"/>
      </symbol>
      <symbol id="sm-817">
         <name>Graphics_translateColorOnDisplay</name>
         <value>0x53c9</value>
         <object_component_ref idref="oc-289"/>
      </symbol>
      <symbol id="sm-818">
         <name>Graphics_drawHorizontalLineOnDisplay</name>
         <value>0x50bd</value>
         <object_component_ref idref="oc-3db"/>
      </symbol>
      <symbol id="sm-819">
         <name>Graphics_fillRectangleOnDisplay</name>
         <value>0x52b1</value>
         <object_component_ref idref="oc-2ba"/>
      </symbol>
      <symbol id="sm-82b">
         <name>g_sFontFixed6x8</name>
         <value>0x5888</value>
         <object_component_ref idref="oc-1a5"/>
      </symbol>
      <symbol id="sm-842">
         <name>Graphics_fillRectangle</name>
         <value>0x3f19</value>
         <object_component_ref idref="oc-193"/>
      </symbol>
      <symbol id="sm-89a">
         <name>Graphics_drawStringCentered</name>
         <value>0x4e29</value>
         <object_component_ref idref="oc-181"/>
      </symbol>
      <symbol id="sm-89b">
         <name>Graphics_drawString</name>
         <value>0x2c75</value>
         <object_component_ref idref="oc-199"/>
      </symbol>
      <symbol id="sm-89c">
         <name>Graphics_getStringWidth</name>
         <value>0x4239</value>
         <object_component_ref idref="oc-292"/>
      </symbol>
      <symbol id="sm-8af">
         <name>Graphics_drawLineH</name>
         <value>0x46cb</value>
         <object_component_ref idref="oc-2cd"/>
      </symbol>
      <symbol id="sm-936">
         <name>ADC14_configureMultiSequenceMode</name>
         <value>0x44b5</value>
         <object_component_ref idref="oc-b2"/>
      </symbol>
      <symbol id="sm-937">
         <name>ADC14_configureConversionMemory</name>
         <value>0x4401</value>
         <object_component_ref idref="oc-b8"/>
      </symbol>
      <symbol id="sm-938">
         <name>ADC14_getResult</name>
         <value>0x51ed</value>
         <object_component_ref idref="oc-f1"/>
      </symbol>
      <symbol id="sm-97b">
         <name>GPIO_setOutputHighOnPin</name>
         <value>0x523d</value>
         <object_component_ref idref="oc-275"/>
      </symbol>
      <symbol id="sm-97c">
         <name>GPIO_setAsOutputPin</name>
         <value>0x4f45</value>
         <object_component_ref idref="oc-35b"/>
      </symbol>
      <symbol id="sm-97d">
         <name>GPIO_setOutputLowOnPin</name>
         <value>0x5265</value>
         <object_component_ref idref="oc-26f"/>
      </symbol>
      <symbol id="sm-97e">
         <name>GPIO_clearInterruptFlag</name>
         <value>0x5215</value>
         <object_component_ref idref="oc-e5"/>
      </symbol>
      <symbol id="sm-97f">
         <name>GPIO_setAsPeripheralModuleFunctionOutputPin</name>
         <value>0x4899</value>
         <object_component_ref idref="oc-355"/>
      </symbol>
      <symbol id="sm-9bf">
         <name>EUSCI_B_SPI_enable</name>
         <value>0x539d</value>
         <object_component_ref idref="oc-417"/>
      </symbol>
      <symbol id="sm-9c0">
         <name>SPI_enableModule</name>
         <value>0x52cf</value>
         <object_component_ref idref="oc-367"/>
      </symbol>
      <symbol id="sm-9c1">
         <name>EUSCI_A_SPI_enable</name>
         <value>0x5387</value>
         <object_component_ref idref="oc-411"/>
      </symbol>
      <symbol id="sm-9c2">
         <name>SPI_initMaster</name>
         <value>0x461b</value>
         <object_component_ref idref="oc-361"/>
      </symbol>
      <symbol id="sm-9c4">
         <name>__TI_static_base__</name>
         <value>0x0</value>
      </symbol>
      <symbol id="sm-9c7">
         <name>__mpu_init</name>
         <value>0x0</value>
      </symbol>
      <symbol id="sm-9c8">
         <name>_system_post_cinit</name>
         <value>0x0</value>
      </symbol>
      <symbol id="sm-9c9">
         <name>NMI_Handler</name>
         <value>0x5465</value>
      </symbol>
      <symbol id="sm-9ca">
         <name>HardFault_Handler</name>
         <value>0x5465</value>
      </symbol>
      <symbol id="sm-9cb">
         <name>MemManage_Handler</name>
         <value>0x5465</value>
      </symbol>
      <symbol id="sm-9cc">
         <name>BusFault_Handler</name>
         <value>0x5465</value>
      </symbol>
      <symbol id="sm-9cd">
         <name>UsageFault_Handler</name>
         <value>0x5465</value>
      </symbol>
      <symbol id="sm-9ce">
         <name>SVC_Handler</name>
         <value>0x5465</value>
      </symbol>
      <symbol id="sm-9cf">
         <name>DebugMon_Handler</name>
         <value>0x5465</value>
      </symbol>
      <symbol id="sm-9d0">
         <name>PendSV_Handler</name>
         <value>0x5465</value>
      </symbol>
      <symbol id="sm-9d1">
         <name>SysTick_Handler</name>
         <value>0x5465</value>
      </symbol>
      <symbol id="sm-9d2">
         <name>PSS_IRQHandler</name>
         <value>0x5465</value>
      </symbol>
      <symbol id="sm-9d3">
         <name>CS_IRQHandler</name>
         <value>0x5465</value>
      </symbol>
      <symbol id="sm-9d4">
         <name>PCM_IRQHandler</name>
         <value>0x5465</value>
      </symbol>
      <symbol id="sm-9d5">
         <name>WDT_A_IRQHandler</name>
         <value>0x5465</value>
      </symbol>
      <symbol id="sm-9d6">
         <name>FPU_IRQHandler</name>
         <value>0x5465</value>
      </symbol>
      <symbol id="sm-9d7">
         <name>FLCTL_IRQHandler</name>
         <value>0x5465</value>
      </symbol>
      <symbol id="sm-9d8">
         <name>COMP_E0_IRQHandler</name>
         <value>0x5465</value>
      </symbol>
      <symbol id="sm-9d9">
         <name>COMP_E1_IRQHandler</name>
         <value>0x5465</value>
      </symbol>
      <symbol id="sm-9da">
         <name>TA0_0_IRQHandler</name>
         <value>0x2b11</value>
      </symbol>
      <symbol id="sm-9db">
         <name>TA0_N_IRQHandler</name>
         <value>0x5465</value>
      </symbol>
      <symbol id="sm-9dc">
         <name>TA1_0_IRQHandler</name>
         <value>0x5465</value>
      </symbol>
      <symbol id="sm-9dd">
         <name>TA1_N_IRQHandler</name>
         <value>0x5465</value>
      </symbol>
      <symbol id="sm-9de">
         <name>TA2_0_IRQHandler</name>
         <value>0x5465</value>
      </symbol>
      <symbol id="sm-9df">
         <name>TA2_N_IRQHandler</name>
         <value>0x5465</value>
      </symbol>
      <symbol id="sm-9e0">
         <name>TA3_0_IRQHandler</name>
         <value>0x5465</value>
      </symbol>
      <symbol id="sm-9e1">
         <name>TA3_N_IRQHandler</name>
         <value>0x5465</value>
      </symbol>
      <symbol id="sm-9e2">
         <name>EUSCIA0_IRQHandler</name>
         <value>0x5465</value>
      </symbol>
      <symbol id="sm-9e3">
         <name>EUSCIA1_IRQHandler</name>
         <value>0x5465</value>
      </symbol>
      <symbol id="sm-9e4">
         <name>EUSCIA2_IRQHandler</name>
         <value>0x5465</value>
      </symbol>
      <symbol id="sm-9e5">
         <name>EUSCIA3_IRQHandler</name>
         <value>0x5465</value>
      </symbol>
      <symbol id="sm-9e6">
         <name>EUSCIB0_IRQHandler</name>
         <value>0x5465</value>
      </symbol>
      <symbol id="sm-9e7">
         <name>EUSCIB1_IRQHandler</name>
         <value>0x5465</value>
      </symbol>
      <symbol id="sm-9e8">
         <name>EUSCIB2_IRQHandler</name>
         <value>0x5465</value>
      </symbol>
      <symbol id="sm-9e9">
         <name>EUSCIB3_IRQHandler</name>
         <value>0x5465</value>
      </symbol>
      <symbol id="sm-9ea">
         <name>ADC14_IRQHandler</name>
         <value>0x2b3d</value>
      </symbol>
      <symbol id="sm-9eb">
         <name>T32_INT1_IRQHandler</name>
         <value>0x5465</value>
      </symbol>
      <symbol id="sm-9ec">
         <name>T32_INT2_IRQHandler</name>
         <value>0x5465</value>
      </symbol>
      <symbol id="sm-9ed">
         <name>T32_INTC_IRQHandler</name>
         <value>0x5465</value>
      </symbol>
      <symbol id="sm-9ee">
         <name>AES256_IRQHandler</name>
         <value>0x5465</value>
      </symbol>
      <symbol id="sm-9ef">
         <name>RTC_C_IRQHandler</name>
         <value>0x5465</value>
      </symbol>
      <symbol id="sm-9f0">
         <name>DMA_ERR_IRQHandler</name>
         <value>0x5465</value>
      </symbol>
      <symbol id="sm-9f1">
         <name>DMA_INT3_IRQHandler</name>
         <value>0x5465</value>
      </symbol>
      <symbol id="sm-9f2">
         <name>DMA_INT2_IRQHandler</name>
         <value>0x5465</value>
      </symbol>
      <symbol id="sm-9f3">
         <name>DMA_INT1_IRQHandler</name>
         <value>0x5465</value>
      </symbol>
      <symbol id="sm-9f4">
         <name>DMA_INT0_IRQHandler</name>
         <value>0x5465</value>
      </symbol>
      <symbol id="sm-9f5">
         <name>PORT1_IRQHandler</name>
         <value>0x2a7d</value>
      </symbol>
      <symbol id="sm-9f6">
         <name>PORT2_IRQHandler</name>
         <value>0x5465</value>
      </symbol>
      <symbol id="sm-9f7">
         <name>PORT3_IRQHandler</name>
         <value>0x5465</value>
      </symbol>
      <symbol id="sm-9f8">
         <name>PORT4_IRQHandler</name>
         <value>0x5465</value>
      </symbol>
      <symbol id="sm-9f9">
         <name>PORT5_IRQHandler</name>
         <value>0x5465</value>
      </symbol>
      <symbol id="sm-9fa">
         <name>PORT6_IRQHandler</name>
         <value>0x5465</value>
      </symbol>
   </symbol_table>
   <title>Link successful</title>
</link_info>
